******************************************************************************
                  TI ARM Linker PC v15.12.3                    
******************************************************************************
>> Linked Thu Dec 08 10:31:17 2016

OUTPUT FILE NAME:   <spi_demo.out>
ENTRY POINT SYMBOL: "_c_int00"  address: 20007501


MEMORY CONFIGURATION

         name            origin    length      used     unused   attr    fill
----------------------  --------  ---------  --------  --------  ----  --------
  SRAM_CODE             20004000   00013000  00003c7a  0000f386  RW X
  SRAM_DATA             20017000   00019000  0000142e  00017bd2  RW X


SEGMENT ALLOCATION MAP

run origin  load origin   length   init length attrs members
----------  ----------- ---------- ----------- ----- -------
20004000    20004000    00003c7c   00003c7c    r-x
  20004000    20004000    00000400   00000400    r-- .intvecs
  20004400    20004400    0000352e   0000352e    r-x .text
  20007930    20007930    00000300   00000300    r-- .const
  20007c30    20007c30    0000004c   0000004c    r-- .cinit
20017000    20017000    00000c30   00000000    rw-
  20017000    20017000    00000800   00000000    rw- .sysmem
  20017800    20017800    00000406   00000000    rw- .bss
  20017c08    20017c08    00000028   00000000    rw- .data
2002f800    2002f800    00000800   00000000    rw-
  2002f800    2002f800    00000800   00000000    rw- .stack


SECTION ALLOCATION MAP

 output                                  attributes/
section   page    origin      length       input sections
--------  ----  ----------  ----------   ----------------
.intvecs   0    20004000    00000400     
                  20004000    00000400     startup_ccs.obj (.intvecs)

.init_array 
*          0    20004000    00000000     UNINITIALIZED

.text      0    20004400    0000352e     
                  20004400    000010fc     rtsv7M4_T_le_eabi.lib : _printfi.obj (.text)
                  200054fc    000003dc     main.obj (.text)
                  200058d8    000003dc     rtsv7M4_T_le_eabi.lib : memory.obj (.text)
                  20005cb4    00000280     uart_if.obj (.text)
                  20005f34    000001f4     rtsv7M4_T_le_eabi.lib : ull_div_t2.obj (.text)
                  20006128    000001b6                           : fd_add_t2.obj (.text)
                  200062de    00000002                           : mpu_init.obj (.text)
                  200062e0    00000178     driverlib.a : prcm.obj (.text:PRCMCC3200MCUInit)
                  20006458    00000136     rtsv7M4_T_le_eabi.lib : fd_div_t2.obj (.text)
                  2000658e    000000fc                           : fd_mul_t2.obj (.text)
                  2000668a    000000d0     driverlib.a : spi.obj (.text:SPITransfer32)
                  2000675a    00000002     rtsv7M4_T_le_eabi.lib : startup.obj (.text)
                  2000675c    000000d0                           : s_scalbn.obj (.text)
                  2000682c    000000ce     driverlib.a : spi.obj (.text:SPITransfer16)
                  200068fa    000000b8                 : spi.obj (.text:SPITransfer8)
                  200069b2    00000002     --HOLE-- [fill = 0]
                  200069b4    000000a8                 : interrupt.obj (.text:IntEnable)
                  20006a5c    000000a0                 : spi.obj (.text:SPIConfigSetExpClk)
                  20006afc    0000009c     rtsv7M4_T_le_eabi.lib : memcpy_t2.obj (.text)
                  20006b98    00000094     driverlib.a : prcm.obj (.text:PRCMPeripheralClockGet)
                  20006c2c    00000088                 : pin.obj (.text:PinConfigSet)
                  20006cb4    00000088                 : spi.obj (.text:SPITransfer)
                  20006d3c    00000088     rtsv7M4_T_le_eabi.lib : vsnprintf.obj (.text)
                  20006dc4    00000086                           : fd_cmp_t2.obj (.text:__aeabi_cdcmple)
                  20006e4a    00000086                           : fd_cmp_t2.obj (.text:__aeabi_cdrcmple)
                  20006ed0    0000007c     driverlib.a : spi.obj (.text:SPIIntStatus)
                  20006f4c    0000007a     rtsv7M4_T_le_eabi.lib : memset_t2.obj (.text)
                  20006fc6    00000076     driverlib.a : uart.obj (.text:UARTConfigSetExpClk)
                  2000703c    00000070     rtsv7M4_T_le_eabi.lib : autoinit.obj (.text)
                  200070ac    0000006a                           : copy_decompress_rle.obj (.text)
                  20007116    00000002     --HOLE-- [fill = 0]
                  20007118    0000005c                           : s_frexp.obj (.text)
                  20007174    00000058     driverlib.a : prcm.obj (.text:PRCMPeripheralReset)
                  200071cc    00000056     rtsv7M4_T_le_eabi.lib : ltoa.obj (.text)
                  20007222    00000002     --HOLE-- [fill = 0]
                  20007224    00000054                           : exit.obj (.text)
                  20007278    0000004c     driverlib.a : spi.obj (.text:SPIIntEnable)
                  200072c4    0000004c                 : spi.obj (.text:SPIIntNumberGet)
                  20007310    0000004c     rtsv7M4_T_le_eabi.lib : atoi.obj (.text)
                  2000735c    0000004c                           : cpy_tbl.obj (.text)
                  200073a8    00000048     driverlib.a : spi.obj (.text:SPIIntClear)
                  200073f0    00000048     rtsv7M4_T_le_eabi.lib : fd_toi_t2.obj (.text)
                  20007438    00000044     driverlib.a : spi.obj (.text:SPIDmaMaskGet)
                  2000747c    00000044     pinmux.obj (.text)
                  200074c0    00000040     driverlib.a : pin.obj (.text:PinModeSet)
                  20007500    00000040     rtsv7M4_T_le_eabi.lib : boot.obj (.text)
                  20007540    0000003c     driverlib.a : prcm.obj (.text:PRCMPeripheralClkEnable)
                  2000757c    00000030                 : uart.obj (.text:UARTDisable)
                  200075ac    0000002e     rtsv7M4_T_le_eabi.lib : i_tofd_t2.obj (.text)
                  200075da    00000002     --HOLE-- [fill = 0]
                  200075dc    0000002c     driverlib.a : prcm.obj (.text:PRCMSysResetCauseGet)
                  20007608    0000002a                 : spi.obj (.text:SPIDataGetNonBlocking)
                  20007632    00000002     --HOLE-- [fill = 0]
                  20007634    00000028                 : prcm.obj (.text:PRCMPeripheralClkDisable)
                  2000765c    00000024                 : uart.obj (.text:UARTEnable)
                  20007680    00000024     rtsv7M4_T_le_eabi.lib : memmov.obj (.text)
                  200076a4    00000022     driverlib.a : spi.obj (.text:SPIReset)
                  200076c6    00000002     --HOLE-- [fill = 0]
                  200076c8    00000020                 : interrupt.obj (.text:IntRegister)
                  200076e8    00000020                 : spi.obj (.text:SPIDataGet)
                  20007708    0000001e                 : spi.obj (.text:SPIDataPut)
                  20007726    0000001e                 : spi.obj (.text:SPIIntRegister)
                  20007744    0000001e                 : uart.obj (.text:UARTCharPut)
                  20007762    0000001c                 : uart.obj (.text:UARTCharGetNonBlocking)
                  2000777e    0000001c     rtsv7M4_T_le_eabi.lib : memccpy.obj (.text)
                  2000779a    0000001a     driverlib.a : pin.obj (.text:PinTypeSPI)
                  200077b4    0000001a                 : pin.obj (.text:PinTypeUART)
                  200077ce    00000018                 : spi.obj (.text:SPICSDisable)
                  200077e6    00000018                 : spi.obj (.text:SPICSEnable)
                  200077fe    00000018                 : spi.obj (.text:SPIEnable)
                  20007816    00000018                 : uart.obj (.text:UARTCharsAvail)
                  2000782e    00000002     --HOLE-- [fill = 0]
                  20007830    00000018     rtsv7M4_T_le_eabi.lib : args_main.obj (.text)
                  20007848    00000016     driverlib.a : prcm.obj (.text:PRCMHIBRegRead)
                  2000785e    00000016                 : prcm.obj (.text:PRCMHIBRegWrite)
                  20007874    00000016                 : uart.obj (.text:UARTCharGet)
                  2000788a    00000016     rtsv7M4_T_le_eabi.lib : strchr.obj (.text)
                  200078a0    00000014     driverlib.a : cpu.obj (.text:CPUcpsie)
                  200078b4    00000014                 : interrupt.obj (.text:IntVTableBaseSet)
                  200078c8    00000014     rtsv7M4_T_le_eabi.lib : _lock.obj (.text)
                  200078dc    00000014                           : strlen.obj (.text)
                  200078f0    0000000e                           : copy_decompress_none.obj (.text:decompress:none)
                  200078fe    0000000e     startup_ccs.obj (.text)
                  2000790c    0000000a     driverlib.a : interrupt.obj (.text:IntMasterEnable)
                  20007916    00000008     rtsv7M4_T_le_eabi.lib : s_copysign.obj (.text)
                  2000791e    00000006     driverlib.a : utils.obj (.text:UtilsDelay)
                  20007924    00000006     rtsv7M4_T_le_eabi.lib : copy_decompress_rle.obj (.text:decompress:rle24)
                  2000792a    00000004                           : pre_init.obj (.text)

.const     0    20007930    00000300     
                  20007930    00000101     rtsv7M4_T_le_eabi.lib : ctype.obj (.const:.string:_ctypes_)
                  20007a31    00000003     --HOLE-- [fill = 0]
                  20007a34    00000100     driverlib.a : pin.obj (.const:g_ulPinToPadMap)
                  20007b34    000000a8                 : prcm.obj (.const:PRCM_PeriphRegsList)
                  20007bdc    00000024                 : spi.obj (.const:g_ppulSPIIntMap)
                  20007c00    00000018                 : interrupt.obj (.const:g_pulEnRegs)
                  20007c18    00000018                 : spi.obj (.const:g_ulSPIDmaMaskMap)

.cinit     0    20007c30    0000004c     
                  20007c30    00000023     (.cinit..data.load) [load image, compression = rle]
                  20007c53    00000005     --HOLE-- [fill = 0]
                  20007c58    0000000b     (.cinit..bss.load) [load image, compression = rle]
                  20007c63    00000001     --HOLE-- [fill = 0]
                  20007c64    00000008     (__TI_handler_table)
                  20007c6c    00000010     (__TI_cinit_table)

.sysmem    0    20017000    00000800     UNINITIALIZED
                  20017000    00000008     rtsv7M4_T_le_eabi.lib : memory.obj (.sysmem)
                  20017008    000007f8     --HOLE--

.bss       0    20017800    00000406     UNINITIALIZED
                  20017800    00000200     main.obj (.bss:g_ucRxBuff)
                  20017a00    00000200     main.obj (.bss:g_ucTxBuff)
                  20017c00    00000004     uart_if.obj (.bss)
                  20017c04    00000002     main.obj (.bss)

.data      0    20017c08    00000028     UNINITIALIZED
                  20017c08    0000000c     rtsv7M4_T_le_eabi.lib : exit.obj (.data:$O1$$)
                  20017c14    0000000c                           : memory.obj (.data:$O1$$)
                  20017c20    00000008                           : _lock.obj (.data:$O1$$)
                  20017c28    00000004                           : errno.obj (.data)
                  20017c2c    00000004                           : stkdepth_vars.obj (.data)

.stack     0    2002f800    00000800     UNINITIALIZED
                  2002f800    00000800     --HOLE--

MODULE SUMMARY

       Module                     code    ro data   rw data
       ------                     ----    -------   -------
    .\
       main.obj                   988     0         1026   
       startup_ccs.obj            14      1024      0      
       uart_if.obj                640     0         4      
       pinmux.obj                 68      0         0      
    +--+--------------------------+-------+---------+---------+
       Total:                     1710    1024      1030   
                                                           
    C:/ti/CC3200SDK_1.2.0/cc3200-sdk/driverlib/ccs/Release/driverlib.a
       spi.obj                    1550    60        0      
       prcm.obj                   800     168       0      
       pin.obj                    252     256       0      
       uart.obj                   306     0         0      
       interrupt.obj              230     24        0      
       cpu.obj                    20      0         0      
       utils.obj                  6       0         0      
    +--+--------------------------+-------+---------+---------+
       Total:                     3164    508       0      
                                                           
    C:\ti\ccsv6\tools\compiler\arm_15.12.3.LTS\lib\rtsv7M4_T_le_eabi.lib
       _printfi.obj               4348    0         0      
       memory.obj                 988     0         12     
       ull_div_t2.obj             500     0         0      
       fd_add_t2.obj              438     0         0      
       fd_div_t2.obj              310     0         0      
       fd_cmp_t2.obj              268     0         0      
       ctype.obj                  0       257       0      
       fd_mul_t2.obj              252     0         0      
       s_scalbn.obj               208     0         0      
       memcpy_t2.obj              156     0         0      
       vsnprintf.obj              136     0         0      
       memset_t2.obj              122     0         0      
       autoinit.obj               112     0         0      
       copy_decompress_rle.obj    112     0         0      
       exit.obj                   84      0         12     
       s_frexp.obj                92      0         0      
       ltoa.obj                   86      0         0      
       atoi.obj                   76      0         0      
       cpy_tbl.obj                76      0         0      
       fd_toi_t2.obj              72      0         0      
       boot.obj                   64      0         0      
       i_tofd_t2.obj              46      0         0      
       memmov.obj                 36      0         0      
       _lock.obj                  20      0         8      
       memccpy.obj                28      0         0      
       args_main.obj              24      0         0      
       strchr.obj                 22      0         0      
       strlen.obj                 20      0         0      
       copy_decompress_none.obj   14      0         0      
       s_copysign.obj             8       0         0      
       errno.obj                  0       0         4      
       pre_init.obj               4       0         0      
       stkdepth_vars.obj          0       0         4      
       mpu_init.obj               2       0         0      
       startup.obj                2       0         0      
    +--+--------------------------+-------+---------+---------+
       Total:                     8726    257       40     
                                                           
       Heap:                      0       0         2048   
       Stack:                     0       0         2048   
       Linker Generated:          0       70        0      
    +--+--------------------------+-------+---------+---------+
       Grand Total:               13600   1859      5166   


LINKER GENERATED COPY TABLES

__TI_cinit_table @ 20007c6c records: 2, size/record: 8, table size: 16
	.data: load addr=20007c30, load size=00000023 bytes, run addr=20017c08, run size=00000028 bytes, compression=rle
	.bss: load addr=20007c58, load size=0000000b bytes, run addr=20017800, run size=00000406 bytes, compression=rle


LINKER GENERATED HANDLER TABLE

__TI_handler_table @ 20007c64 records: 2, size/record: 4, table size: 8
	index: 0, handler: __TI_decompress_rle24
	index: 1, handler: __TI_decompress_none


GLOBAL SYMBOLS: SORTED ALPHABETICALLY BY Name 

address   name                           
-------   ----                           
20007225  C$$EXIT                        
200078a1  CPUcpsie                       
20005cf5  ClearTerm                      
20005cff  Error                          
20005d37  GetCmd                         
20005cb5  InitTerm                       
200069b5  IntEnable                      
2000790d  IntMasterEnable                
200076c9  IntRegister                    
200078b5  IntVTableBaseSet               
20005575  MasterMain                     
20005cd3  Message                        
200062e1  PRCMCC3200MCUInit              
20007849  PRCMHIBRegRead                 
2000785f  PRCMHIBRegWrite                
20007635  PRCMPeripheralClkDisable       
20007541  PRCMPeripheralClkEnable        
20006b99  PRCMPeripheralClockGet         
20007175  PRCMPeripheralReset            
200075dd  PRCMSysResetCauseGet           
20006c2d  PinConfigSet                   
200074c1  PinModeSet                     
2000747d  PinMuxConfig                   
2000779b  PinTypeSPI                     
200077b5  PinTypeUART                    
20005e75  Report                         
200078ff  ResetISR                       
UNDEFED   SHT$$INIT_ARRAY$$Base          
UNDEFED   SHT$$INIT_ARRAY$$Limit         
200077cf  SPICSDisable                   
200077e7  SPICSEnable                    
20006a5d  SPIConfigSetExpClk             
200076e9  SPIDataGet                     
20007609  SPIDataGetNonBlocking          
20007709  SPIDataPut                     
200077ff  SPIEnable                      
200073a9  SPIIntClear                    
20007279  SPIIntEnable                   
20007727  SPIIntRegister                 
20006ed1  SPIIntStatus                   
200076a5  SPIReset                       
20006cb5  SPITransfer                    
2000563b  SlaveMain                      
20005ddd  TrimSpace                      
20007875  UARTCharGet                    
20007763  UARTCharGetNonBlocking         
20007745  UARTCharPut                    
20007817  UARTCharsAvail                 
20006fc7  UARTConfigSetExpClk            
2000757d  UARTDisable                    
2000765d  UARTEnable                     
2000791f  UtilsDelay                     
20030000  __STACK_END                    
00000800  __STACK_SIZE                   
00000800  __SYSMEM_SIZE                  
20007c6c  __TI_CINIT_Base                
20007c7c  __TI_CINIT_Limit               
20007c64  __TI_Handler_Table_Base        
20007c6c  __TI_Handler_Table_Limit       
2000703d  __TI_auto_init                 
20017c08  __TI_cleanup_ptr               
200078f1  __TI_decompress_none           
20007925  __TI_decompress_rle24          
20017c0c  __TI_dtors_ptr                 
20017c10  __TI_enable_exit_profile_output
ffffffff  __TI_pprof_out_hndl            
200051f7  __TI_printfi                   
ffffffff  __TI_prof_data_size            
ffffffff  __TI_prof_data_start           
20007c30  __TI_static_base__             
20006dc5  __aeabi_cdcmpeq                
20006dc5  __aeabi_cdcmple                
20006e4b  __aeabi_cdrcmple               
200073f1  __aeabi_d2iz                   
20006133  __aeabi_dadd                   
20006459  __aeabi_ddiv                   
2000658f  __aeabi_dmul                   
20006129  __aeabi_dsub                   
200075ad  __aeabi_i2d                    
20006f4d  __aeabi_memclr                 
20006f4d  __aeabi_memclr4                
20006f4d  __aeabi_memclr8                
20006afd  __aeabi_memcpy                 
20006afd  __aeabi_memcpy4                
20006afd  __aeabi_memcpy8                
20006f4f  __aeabi_memset                 
20006f4f  __aeabi_memset4                
20006f4f  __aeabi_memset8                
20005f35  __aeabi_uldivmod               
ffffffff  __binit__                      
ffffffff  __c_args__                     
200062df  __mpu_init                     
2002f800  __stack                        
20007831  _args_main                     
20007501  _c_int00                       
20007930  _ctypes_                       
20017c20  _lock                          
200078d7  _nop                           
200078cf  _register_lock                 
200078c9  _register_unlock               
20017000  _sys_memory                    
2000675b  _system_post_cinit             
2000792b  _system_pre_init               
20017c24  _unlock                        
20007229  abort                          
20007311  atoi                           
ffffffff  binit                          
20005c81  calloc                         
2000735d  copy_in                        
20007917  copysign                       
20007917  copysignl                      
20017c28  errno                          
20007231  exit                           
200059cf  free                           
20007119  frexp                          
20007119  frexpl                         
20004000  g_pfnVectors                   
2000675d  ldexp                          
2000675d  ldexpl                         
200071cd  ltoa                           
200056b9  main                           
20017c2c  main_func_sp                   
20005967  malloc                         
20005b9d  memalign                       
2000777f  memccpy                        
20006afd  memcpy                         
20007681  memmove                        
20006f55  memset                         
200058d9  minit                          
20005a91  realloc                        
2000675d  scalbn                         
2000675d  scalbnl                        
2000788b  strchr                         
200078dd  strlen                         
20006d3d  vsnprintf                      


GLOBAL SYMBOLS: SORTED BY Symbol Address 

address   name                           
-------   ----                           
00000800  __STACK_SIZE                   
00000800  __SYSMEM_SIZE                  
20004000  g_pfnVectors                   
200051f7  __TI_printfi                   
20005575  MasterMain                     
2000563b  SlaveMain                      
200056b9  main                           
200058d9  minit                          
20005967  malloc                         
200059cf  free                           
20005a91  realloc                        
20005b9d  memalign                       
20005c81  calloc                         
20005cb5  InitTerm                       
20005cd3  Message                        
20005cf5  ClearTerm                      
20005cff  Error                          
20005d37  GetCmd                         
20005ddd  TrimSpace                      
20005e75  Report                         
20005f35  __aeabi_uldivmod               
20006129  __aeabi_dsub                   
20006133  __aeabi_dadd                   
200062df  __mpu_init                     
200062e1  PRCMCC3200MCUInit              
20006459  __aeabi_ddiv                   
2000658f  __aeabi_dmul                   
2000675b  _system_post_cinit             
2000675d  ldexp                          
2000675d  ldexpl                         
2000675d  scalbn                         
2000675d  scalbnl                        
200069b5  IntEnable                      
20006a5d  SPIConfigSetExpClk             
20006afd  __aeabi_memcpy                 
20006afd  __aeabi_memcpy4                
20006afd  __aeabi_memcpy8                
20006afd  memcpy                         
20006b99  PRCMPeripheralClockGet         
20006c2d  PinConfigSet                   
20006cb5  SPITransfer                    
20006d3d  vsnprintf                      
20006dc5  __aeabi_cdcmpeq                
20006dc5  __aeabi_cdcmple                
20006e4b  __aeabi_cdrcmple               
20006ed1  SPIIntStatus                   
20006f4d  __aeabi_memclr                 
20006f4d  __aeabi_memclr4                
20006f4d  __aeabi_memclr8                
20006f4f  __aeabi_memset                 
20006f4f  __aeabi_memset4                
20006f4f  __aeabi_memset8                
20006f55  memset                         
20006fc7  UARTConfigSetExpClk            
2000703d  __TI_auto_init                 
20007119  frexp                          
20007119  frexpl                         
20007175  PRCMPeripheralReset            
200071cd  ltoa                           
20007225  C$$EXIT                        
20007229  abort                          
20007231  exit                           
20007279  SPIIntEnable                   
20007311  atoi                           
2000735d  copy_in                        
200073a9  SPIIntClear                    
200073f1  __aeabi_d2iz                   
2000747d  PinMuxConfig                   
200074c1  PinModeSet                     
20007501  _c_int00                       
20007541  PRCMPeripheralClkEnable        
2000757d  UARTDisable                    
200075ad  __aeabi_i2d                    
200075dd  PRCMSysResetCauseGet           
20007609  SPIDataGetNonBlocking          
20007635  PRCMPeripheralClkDisable       
2000765d  UARTEnable                     
20007681  memmove                        
200076a5  SPIReset                       
200076c9  IntRegister                    
200076e9  SPIDataGet                     
20007709  SPIDataPut                     
20007727  SPIIntRegister                 
20007745  UARTCharPut                    
20007763  UARTCharGetNonBlocking         
2000777f  memccpy                        
2000779b  PinTypeSPI                     
200077b5  PinTypeUART                    
200077cf  SPICSDisable                   
200077e7  SPICSEnable                    
200077ff  SPIEnable                      
20007817  UARTCharsAvail                 
20007831  _args_main                     
20007849  PRCMHIBRegRead                 
2000785f  PRCMHIBRegWrite                
20007875  UARTCharGet                    
2000788b  strchr                         
200078a1  CPUcpsie                       
200078b5  IntVTableBaseSet               
200078c9  _register_unlock               
200078cf  _register_lock                 
200078d7  _nop                           
200078dd  strlen                         
200078f1  __TI_decompress_none           
200078ff  ResetISR                       
2000790d  IntMasterEnable                
20007917  copysign                       
20007917  copysignl                      
2000791f  UtilsDelay                     
20007925  __TI_decompress_rle24          
2000792b  _system_pre_init               
20007930  _ctypes_                       
20007c30  __TI_static_base__             
20007c64  __TI_Handler_Table_Base        
20007c6c  __TI_CINIT_Base                
20007c6c  __TI_Handler_Table_Limit       
20007c7c  __TI_CINIT_Limit               
20017000  _sys_memory                    
20017c08  __TI_cleanup_ptr               
20017c0c  __TI_dtors_ptr                 
20017c10  __TI_enable_exit_profile_output
20017c20  _lock                          
20017c24  _unlock                        
20017c28  errno                          
20017c2c  main_func_sp                   
2002f800  __stack                        
20030000  __STACK_END                    
ffffffff  __TI_pprof_out_hndl            
ffffffff  __TI_prof_data_size            
ffffffff  __TI_prof_data_start           
ffffffff  __binit__                      
ffffffff  __c_args__                     
ffffffff  binit                          
UNDEFED   SHT$$INIT_ARRAY$$Base          
UNDEFED   SHT$$INIT_ARRAY$$Limit         

[135 symbols]
