<?xml version="1.0"?>
<link_info>
   <banner>TI ARM Linker PC v15.12.3.LTS</banner>
   <copyright>Copyright (c) 1996-2015 Texas Instruments Incorporated</copyright>
   <link_time>0x5848e91d</link_time>
   <link_errors>0x0</link_errors>
   <output_file>spi_demo.out</output_file>
   <entry_point>
      <name>_c_int00</name>
      <address>0x20007501</address>
   </entry_point>
   <input_file_list>
      <input_file id="fl-2">
         <path>.\</path>
         <kind>object</kind>
         <file>main.obj</file>
         <name>main.obj</name>
      </input_file>
      <input_file id="fl-3">
         <path>.\</path>
         <kind>object</kind>
         <file>pinmux.obj</file>
         <name>pinmux.obj</name>
      </input_file>
      <input_file id="fl-4">
         <path>.\</path>
         <kind>object</kind>
         <file>startup_ccs.obj</file>
         <name>startup_ccs.obj</name>
      </input_file>
      <input_file id="fl-5">
         <path>.\</path>
         <kind>object</kind>
         <file>uart_if.obj</file>
         <name>uart_if.obj</name>
      </input_file>
      <input_file id="fl-c0">
         <path>C:\ti\ccsv6\tools\compiler\arm_15.12.3.LTS\lib\</path>
         <kind>archive</kind>
         <file>rtsv7M4_T_le_eabi.lib</file>
         <name>boot.obj</name>
      </input_file>
      <input_file id="fl-c1">
         <path>C:\ti\ccsv6\tools\compiler\arm_15.12.3.LTS\lib\</path>
         <kind>archive</kind>
         <file>rtsv7M4_T_le_eabi.lib</file>
         <name>copy_decompress_none.obj</name>
      </input_file>
      <input_file id="fl-c2">
         <path>C:\ti\ccsv6\tools\compiler\arm_15.12.3.LTS\lib\</path>
         <kind>archive</kind>
         <file>rtsv7M4_T_le_eabi.lib</file>
         <name>copy_decompress_rle.obj</name>
      </input_file>
      <input_file id="fl-c3">
         <path>C:\ti\ccsv6\tools\compiler\arm_15.12.3.LTS\lib\</path>
         <kind>archive</kind>
         <file>rtsv7M4_T_le_eabi.lib</file>
         <name>copy_zero_init.obj</name>
      </input_file>
      <input_file id="fl-c4">
         <path>C:\ti\ccsv6\tools\compiler\arm_15.12.3.LTS\lib\</path>
         <kind>archive</kind>
         <file>rtsv7M4_T_le_eabi.lib</file>
         <name>exit.obj</name>
      </input_file>
      <input_file id="fl-c5">
         <path>C:\ti\ccsv6\tools\compiler\arm_15.12.3.LTS\lib\</path>
         <kind>archive</kind>
         <file>rtsv7M4_T_le_eabi.lib</file>
         <name>memcpy_t2.obj</name>
      </input_file>
      <input_file id="fl-c6">
         <path>C:\ti\ccsv6\tools\compiler\arm_15.12.3.LTS\lib\</path>
         <kind>archive</kind>
         <file>rtsv7M4_T_le_eabi.lib</file>
         <name>memmov.obj</name>
      </input_file>
      <input_file id="fl-c7">
         <path>C:\ti\ccsv6\tools\compiler\arm_15.12.3.LTS\lib\</path>
         <kind>archive</kind>
         <file>rtsv7M4_T_le_eabi.lib</file>
         <name>memory.obj</name>
      </input_file>
      <input_file id="fl-c8">
         <path>C:\ti\ccsv6\tools\compiler\arm_15.12.3.LTS\lib\</path>
         <kind>archive</kind>
         <file>rtsv7M4_T_le_eabi.lib</file>
         <name>memset_t2.obj</name>
      </input_file>
      <input_file id="fl-c9">
         <path>C:\ti\ccsv6\tools\compiler\arm_15.12.3.LTS\lib\</path>
         <kind>archive</kind>
         <file>rtsv7M4_T_le_eabi.lib</file>
         <name>mpu_init.obj</name>
      </input_file>
      <input_file id="fl-ca">
         <path>C:\ti\ccsv6\tools\compiler\arm_15.12.3.LTS\lib\</path>
         <kind>archive</kind>
         <file>rtsv7M4_T_le_eabi.lib</file>
         <name>pre_init.obj</name>
      </input_file>
      <input_file id="fl-cb">
         <path>C:\ti\ccsv6\tools\compiler\arm_15.12.3.LTS\lib\</path>
         <kind>archive</kind>
         <file>rtsv7M4_T_le_eabi.lib</file>
         <name>stkdepth_vars.obj</name>
      </input_file>
      <input_file id="fl-cc">
         <path>C:\ti\ccsv6\tools\compiler\arm_15.12.3.LTS\lib\</path>
         <kind>archive</kind>
         <file>rtsv7M4_T_le_eabi.lib</file>
         <name>strlen.obj</name>
      </input_file>
      <input_file id="fl-cd">
         <path>C:\ti\ccsv6\tools\compiler\arm_15.12.3.LTS\lib\</path>
         <kind>archive</kind>
         <file>rtsv7M4_T_le_eabi.lib</file>
         <name>vsnprintf.obj</name>
      </input_file>
      <input_file id="fl-ce">
         <path>C:\ti\ccsv6\tools\compiler\arm_15.12.3.LTS\lib\</path>
         <kind>archive</kind>
         <file>rtsv7M4_T_le_eabi.lib</file>
         <name>_lock.obj</name>
      </input_file>
      <input_file id="fl-cf">
         <path>C:\ti\ccsv6\tools\compiler\arm_15.12.3.LTS\lib\</path>
         <kind>archive</kind>
         <file>rtsv7M4_T_le_eabi.lib</file>
         <name>_printfi.obj</name>
      </input_file>
      <input_file id="fl-d0">
         <path>C:\ti\ccsv6\tools\compiler\arm_15.12.3.LTS\lib\</path>
         <kind>archive</kind>
         <file>rtsv7M4_T_le_eabi.lib</file>
         <name>args_main.obj</name>
      </input_file>
      <input_file id="fl-d1">
         <path>C:\ti\ccsv6\tools\compiler\arm_15.12.3.LTS\lib\</path>
         <kind>archive</kind>
         <file>rtsv7M4_T_le_eabi.lib</file>
         <name>atoi.obj</name>
      </input_file>
      <input_file id="fl-d2">
         <path>C:\ti\ccsv6\tools\compiler\arm_15.12.3.LTS\lib\</path>
         <kind>archive</kind>
         <file>rtsv7M4_T_le_eabi.lib</file>
         <name>autoinit.obj</name>
      </input_file>
      <input_file id="fl-d3">
         <path>C:\ti\ccsv6\tools\compiler\arm_15.12.3.LTS\lib\</path>
         <kind>archive</kind>
         <file>rtsv7M4_T_le_eabi.lib</file>
         <name>cpy_tbl.obj</name>
      </input_file>
      <input_file id="fl-d4">
         <path>C:\ti\ccsv6\tools\compiler\arm_15.12.3.LTS\lib\</path>
         <kind>archive</kind>
         <file>rtsv7M4_T_le_eabi.lib</file>
         <name>ctype.obj</name>
      </input_file>
      <input_file id="fl-d5">
         <path>C:\ti\ccsv6\tools\compiler\arm_15.12.3.LTS\lib\</path>
         <kind>archive</kind>
         <file>rtsv7M4_T_le_eabi.lib</file>
         <name>fd_add_t2.obj</name>
      </input_file>
      <input_file id="fl-d6">
         <path>C:\ti\ccsv6\tools\compiler\arm_15.12.3.LTS\lib\</path>
         <kind>archive</kind>
         <file>rtsv7M4_T_le_eabi.lib</file>
         <name>fd_cmp_t2.obj</name>
      </input_file>
      <input_file id="fl-d7">
         <path>C:\ti\ccsv6\tools\compiler\arm_15.12.3.LTS\lib\</path>
         <kind>archive</kind>
         <file>rtsv7M4_T_le_eabi.lib</file>
         <name>fd_div_t2.obj</name>
      </input_file>
      <input_file id="fl-d8">
         <path>C:\ti\ccsv6\tools\compiler\arm_15.12.3.LTS\lib\</path>
         <kind>archive</kind>
         <file>rtsv7M4_T_le_eabi.lib</file>
         <name>fd_mul_t2.obj</name>
      </input_file>
      <input_file id="fl-d9">
         <path>C:\ti\ccsv6\tools\compiler\arm_15.12.3.LTS\lib\</path>
         <kind>archive</kind>
         <file>rtsv7M4_T_le_eabi.lib</file>
         <name>fd_toi_t2.obj</name>
      </input_file>
      <input_file id="fl-da">
         <path>C:\ti\ccsv6\tools\compiler\arm_15.12.3.LTS\lib\</path>
         <kind>archive</kind>
         <file>rtsv7M4_T_le_eabi.lib</file>
         <name>i_tofd_t2.obj</name>
      </input_file>
      <input_file id="fl-db">
         <path>C:\ti\ccsv6\tools\compiler\arm_15.12.3.LTS\lib\</path>
         <kind>archive</kind>
         <file>rtsv7M4_T_le_eabi.lib</file>
         <name>ltoa.obj</name>
      </input_file>
      <input_file id="fl-dc">
         <path>C:\ti\ccsv6\tools\compiler\arm_15.12.3.LTS\lib\</path>
         <kind>archive</kind>
         <file>rtsv7M4_T_le_eabi.lib</file>
         <name>memccpy.obj</name>
      </input_file>
      <input_file id="fl-dd">
         <path>C:\ti\ccsv6\tools\compiler\arm_15.12.3.LTS\lib\</path>
         <kind>archive</kind>
         <file>rtsv7M4_T_le_eabi.lib</file>
         <name>s_frexp.obj</name>
      </input_file>
      <input_file id="fl-de">
         <path>C:\ti\ccsv6\tools\compiler\arm_15.12.3.LTS\lib\</path>
         <kind>archive</kind>
         <file>rtsv7M4_T_le_eabi.lib</file>
         <name>s_scalbn.obj</name>
      </input_file>
      <input_file id="fl-df">
         <path>C:\ti\ccsv6\tools\compiler\arm_15.12.3.LTS\lib\</path>
         <kind>archive</kind>
         <file>rtsv7M4_T_le_eabi.lib</file>
         <name>startup.obj</name>
      </input_file>
      <input_file id="fl-e0">
         <path>C:\ti\ccsv6\tools\compiler\arm_15.12.3.LTS\lib\</path>
         <kind>archive</kind>
         <file>rtsv7M4_T_le_eabi.lib</file>
         <name>strchr.obj</name>
      </input_file>
      <input_file id="fl-e1">
         <path>C:\ti\ccsv6\tools\compiler\arm_15.12.3.LTS\lib\</path>
         <kind>archive</kind>
         <file>rtsv7M4_T_le_eabi.lib</file>
         <name>ull_div_t2.obj</name>
      </input_file>
      <input_file id="fl-e2">
         <path>C:\ti\ccsv6\tools\compiler\arm_15.12.3.LTS\lib\</path>
         <kind>archive</kind>
         <file>rtsv7M4_T_le_eabi.lib</file>
         <name>errno.obj</name>
      </input_file>
      <input_file id="fl-e3">
         <path>C:\ti\ccsv6\tools\compiler\arm_15.12.3.LTS\lib\</path>
         <kind>archive</kind>
         <file>rtsv7M4_T_le_eabi.lib</file>
         <name>s_copysign.obj</name>
      </input_file>
      <input_file id="fl-e4">
         <path>C:\ti\CC3200SDK_1.2.0\cc3200-sdk\driverlib\ccs\Release\</path>
         <kind>archive</kind>
         <file>driverlib.a</file>
         <name>interrupt.obj</name>
      </input_file>
      <input_file id="fl-e5">
         <path>C:\ti\CC3200SDK_1.2.0\cc3200-sdk\driverlib\ccs\Release\</path>
         <kind>archive</kind>
         <file>driverlib.a</file>
         <name>pin.obj</name>
      </input_file>
      <input_file id="fl-e6">
         <path>C:\ti\CC3200SDK_1.2.0\cc3200-sdk\driverlib\ccs\Release\</path>
         <kind>archive</kind>
         <file>driverlib.a</file>
         <name>prcm.obj</name>
      </input_file>
      <input_file id="fl-e7">
         <path>C:\ti\CC3200SDK_1.2.0\cc3200-sdk\driverlib\ccs\Release\</path>
         <kind>archive</kind>
         <file>driverlib.a</file>
         <name>spi.obj</name>
      </input_file>
      <input_file id="fl-e8">
         <path>C:\ti\CC3200SDK_1.2.0\cc3200-sdk\driverlib\ccs\Release\</path>
         <kind>archive</kind>
         <file>driverlib.a</file>
         <name>uart.obj</name>
      </input_file>
      <input_file id="fl-e9">
         <path>C:\ti\CC3200SDK_1.2.0\cc3200-sdk\driverlib\ccs\Release\</path>
         <kind>archive</kind>
         <file>driverlib.a</file>
         <name>utils.obj</name>
      </input_file>
      <input_file id="fl-ea">
         <path>C:\ti\CC3200SDK_1.2.0\cc3200-sdk\driverlib\ccs\Release\</path>
         <kind>archive</kind>
         <file>driverlib.a</file>
         <name>cpu.obj</name>
      </input_file>
      <input_file id="fl-eb">
         <path>C:\ti\CC3200SDK_1.2.0\cc3200-sdk\driverlib\ccs\Release\</path>
         <kind>archive</kind>
         <file>driverlib.a</file>
         <name>flash.obj</name>
      </input_file>
   </input_file_list>
   <object_component_list>
      <object_component id="oc-f">
         <name>.intvecs</name>
         <load_address>0x20004000</load_address>
         <run_address>0x20004000</run_address>
         <size>0x400</size>
         <input_file_ref idref="fl-4"/>
      </object_component>
      <object_component id="oc-258">
         <name>.text</name>
         <load_address>0x20004400</load_address>
         <run_address>0x20004400</run_address>
         <size>0x10fc</size>
         <input_file_ref idref="fl-cf"/>
      </object_component>
      <object_component id="oc-ac">
         <name>.text</name>
         <load_address>0x200054fc</load_address>
         <run_address>0x200054fc</run_address>
         <size>0x3dc</size>
         <input_file_ref idref="fl-2"/>
      </object_component>
      <object_component id="oc-1c4">
         <name>.text</name>
         <load_address>0x200058d8</load_address>
         <run_address>0x200058d8</run_address>
         <size>0x3dc</size>
         <input_file_ref idref="fl-c7"/>
      </object_component>
      <object_component id="oc-f2">
         <name>.text</name>
         <load_address>0x20005cb4</load_address>
         <run_address>0x20005cb4</run_address>
         <size>0x280</size>
         <input_file_ref idref="fl-5"/>
      </object_component>
      <object_component id="oc-2a6">
         <name>.text</name>
         <load_address>0x20005f34</load_address>
         <run_address>0x20005f34</run_address>
         <size>0x1f4</size>
         <input_file_ref idref="fl-e1"/>
      </object_component>
      <object_component id="oc-2cf">
         <name>.text</name>
         <load_address>0x20006128</load_address>
         <run_address>0x20006128</run_address>
         <size>0x1b6</size>
         <input_file_ref idref="fl-d5"/>
      </object_component>
      <object_component id="oc-5b">
         <name>.text</name>
         <load_address>0x200062de</load_address>
         <run_address>0x200062de</run_address>
         <size>0x2</size>
         <input_file_ref idref="fl-c9"/>
      </object_component>
      <object_component id="oc-152">
         <name>.text:PRCMCC3200MCUInit</name>
         <load_address>0x200062e0</load_address>
         <run_address>0x200062e0</run_address>
         <size>0x178</size>
         <input_file_ref idref="fl-e6"/>
      </object_component>
      <object_component id="oc-2b5">
         <name>.text</name>
         <load_address>0x20006458</load_address>
         <run_address>0x20006458</run_address>
         <size>0x136</size>
         <input_file_ref idref="fl-d7"/>
      </object_component>
      <object_component id="oc-2b0">
         <name>.text</name>
         <load_address>0x2000658e</load_address>
         <run_address>0x2000658e</run_address>
         <size>0xfc</size>
         <input_file_ref idref="fl-d8"/>
      </object_component>
      <object_component id="oc-1ea">
         <name>.text:SPITransfer32</name>
         <load_address>0x2000668a</load_address>
         <run_address>0x2000668a</run_address>
         <size>0xd0</size>
         <input_file_ref idref="fl-e7"/>
      </object_component>
      <object_component id="oc-a4">
         <name>.text</name>
         <load_address>0x2000675a</load_address>
         <run_address>0x2000675a</run_address>
         <size>0x2</size>
         <input_file_ref idref="fl-df"/>
      </object_component>
      <object_component id="oc-2da">
         <name>.text</name>
         <load_address>0x2000675c</load_address>
         <run_address>0x2000675c</run_address>
         <size>0xd0</size>
         <input_file_ref idref="fl-de"/>
      </object_component>
      <object_component id="oc-1e4">
         <name>.text:SPITransfer16</name>
         <load_address>0x2000682c</load_address>
         <run_address>0x2000682c</run_address>
         <size>0xce</size>
         <input_file_ref idref="fl-e7"/>
      </object_component>
      <object_component id="oc-1de">
         <name>.text:SPITransfer8</name>
         <load_address>0x200068fa</load_address>
         <run_address>0x200068fa</run_address>
         <size>0xb8</size>
         <input_file_ref idref="fl-e7"/>
      </object_component>
      <object_component id="oc-14c">
         <name>.text:IntEnable</name>
         <load_address>0x200069b4</load_address>
         <run_address>0x200069b4</run_address>
         <size>0xa8</size>
         <input_file_ref idref="fl-e4"/>
      </object_component>
      <object_component id="oc-104">
         <name>.text:SPIConfigSetExpClk</name>
         <load_address>0x20006a5c</load_address>
         <run_address>0x20006a5c</run_address>
         <size>0xa0</size>
         <input_file_ref idref="fl-e7"/>
      </object_component>
      <object_component id="oc-36">
         <name>.text</name>
         <load_address>0x20006afc</load_address>
         <run_address>0x20006afc</run_address>
         <size>0x9c</size>
         <input_file_ref idref="fl-c5"/>
      </object_component>
      <object_component id="oc-fe">
         <name>.text:PRCMPeripheralClockGet</name>
         <load_address>0x20006b98</load_address>
         <run_address>0x20006b98</run_address>
         <size>0x94</size>
         <input_file_ref idref="fl-e6"/>
      </object_component>
      <object_component id="oc-291">
         <name>.text:PinConfigSet</name>
         <load_address>0x20006c2c</load_address>
         <run_address>0x20006c2c</run_address>
         <size>0x88</size>
         <input_file_ref idref="fl-e5"/>
      </object_component>
      <object_component id="oc-116">
         <name>.text:SPITransfer</name>
         <load_address>0x20006cb4</load_address>
         <run_address>0x20006cb4</run_address>
         <size>0x88</size>
         <input_file_ref idref="fl-e7"/>
      </object_component>
      <object_component id="oc-1a6">
         <name>.text</name>
         <load_address>0x20006d3c</load_address>
         <run_address>0x20006d3c</run_address>
         <size>0x88</size>
         <input_file_ref idref="fl-cd"/>
      </object_component>
      <object_component id="oc-2ab">
         <name>.text:__aeabi_cdcmple</name>
         <load_address>0x20006dc4</load_address>
         <run_address>0x20006dc4</run_address>
         <size>0x86</size>
         <input_file_ref idref="fl-d6"/>
      </object_component>
      <object_component id="oc-2ba">
         <name>.text:__aeabi_cdrcmple</name>
         <load_address>0x20006e4a</load_address>
         <run_address>0x20006e4a</run_address>
         <size>0x86</size>
         <input_file_ref idref="fl-d6"/>
      </object_component>
      <object_component id="oc-da">
         <name>.text:SPIIntStatus</name>
         <load_address>0x20006ed0</load_address>
         <run_address>0x20006ed0</run_address>
         <size>0x7c</size>
         <input_file_ref idref="fl-e7"/>
      </object_component>
      <object_component id="oc-4f">
         <name>.text</name>
         <load_address>0x20006f4c</load_address>
         <run_address>0x20006f4c</run_address>
         <size>0x7a</size>
         <input_file_ref idref="fl-c8"/>
      </object_component>
      <object_component id="oc-1a0">
         <name>.text:UARTConfigSetExpClk</name>
         <load_address>0x20006fc6</load_address>
         <run_address>0x20006fc6</run_address>
         <size>0x76</size>
         <input_file_ref idref="fl-e8"/>
      </object_component>
      <object_component id="oc-67">
         <name>.text</name>
         <load_address>0x2000703c</load_address>
         <run_address>0x2000703c</run_address>
         <size>0x70</size>
         <input_file_ref idref="fl-d2"/>
      </object_component>
      <object_component id="oc-42">
         <name>.text</name>
         <load_address>0x200070ac</load_address>
         <run_address>0x200070ac</run_address>
         <size>0x6a</size>
         <input_file_ref idref="fl-c2"/>
      </object_component>
      <object_component id="oc-2d4">
         <name>.text</name>
         <load_address>0x20007118</load_address>
         <run_address>0x20007118</run_address>
         <size>0x5c</size>
         <input_file_ref idref="fl-dd"/>
      </object_component>
      <object_component id="oc-16a">
         <name>.text:PRCMPeripheralReset</name>
         <load_address>0x20007174</load_address>
         <run_address>0x20007174</run_address>
         <size>0x58</size>
         <input_file_ref idref="fl-e6"/>
      </object_component>
      <object_component id="oc-2c4">
         <name>.text</name>
         <load_address>0x200071cc</load_address>
         <run_address>0x200071cc</run_address>
         <size>0x56</size>
         <input_file_ref idref="fl-db"/>
      </object_component>
      <object_component id="oc-73">
         <name>.text</name>
         <load_address>0x20007224</load_address>
         <run_address>0x20007224</run_address>
         <size>0x54</size>
         <input_file_ref idref="fl-c4"/>
      </object_component>
      <object_component id="oc-13a">
         <name>.text:SPIIntEnable</name>
         <load_address>0x20007278</load_address>
         <run_address>0x20007278</run_address>
         <size>0x4c</size>
         <input_file_ref idref="fl-e7"/>
      </object_component>
      <object_component id="oc-1f5">
         <name>.text:SPIIntNumberGet</name>
         <load_address>0x200072c4</load_address>
         <run_address>0x200072c4</run_address>
         <size>0x4c</size>
         <input_file_ref idref="fl-e7"/>
      </object_component>
      <object_component id="oc-2ec">
         <name>.text</name>
         <load_address>0x20007310</load_address>
         <run_address>0x20007310</run_address>
         <size>0x4c</size>
         <input_file_ref idref="fl-d1"/>
      </object_component>
      <object_component id="oc-9e">
         <name>.text</name>
         <load_address>0x2000735c</load_address>
         <run_address>0x2000735c</run_address>
         <size>0x4c</size>
         <input_file_ref idref="fl-d3"/>
      </object_component>
      <object_component id="oc-e0">
         <name>.text:SPIIntClear</name>
         <load_address>0x200073a8</load_address>
         <run_address>0x200073a8</run_address>
         <size>0x48</size>
         <input_file_ref idref="fl-e7"/>
      </object_component>
      <object_component id="oc-2bf">
         <name>.text</name>
         <load_address>0x200073f0</load_address>
         <run_address>0x200073f0</run_address>
         <size>0x48</size>
         <input_file_ref idref="fl-d9"/>
      </object_component>
      <object_component id="oc-190">
         <name>.text:SPIDmaMaskGet</name>
         <load_address>0x20007438</load_address>
         <run_address>0x20007438</run_address>
         <size>0x44</size>
         <input_file_ref idref="fl-e7"/>
      </object_component>
      <object_component id="oc-15e">
         <name>.text</name>
         <load_address>0x2000747c</load_address>
         <run_address>0x2000747c</run_address>
         <size>0x44</size>
         <input_file_ref idref="fl-3"/>
      </object_component>
      <object_component id="oc-28b">
         <name>.text:PinModeSet</name>
         <load_address>0x200074c0</load_address>
         <run_address>0x200074c0</run_address>
         <size>0x40</size>
         <input_file_ref idref="fl-e5"/>
      </object_component>
      <object_component id="oc-24">
         <name>.text</name>
         <load_address>0x20007500</load_address>
         <run_address>0x20007500</run_address>
         <size>0x40</size>
         <input_file_ref idref="fl-c0"/>
      </object_component>
      <object_component id="oc-164">
         <name>.text:PRCMPeripheralClkEnable</name>
         <load_address>0x20007540</load_address>
         <run_address>0x20007540</run_address>
         <size>0x3c</size>
         <input_file_ref idref="fl-e6"/>
      </object_component>
      <object_component id="oc-24b">
         <name>.text:UARTDisable</name>
         <load_address>0x2000757c</load_address>
         <run_address>0x2000757c</run_address>
         <size>0x30</size>
         <input_file_ref idref="fl-e8"/>
      </object_component>
      <object_component id="oc-2ca">
         <name>.text</name>
         <load_address>0x200075ac</load_address>
         <run_address>0x200075ac</run_address>
         <size>0x2e</size>
         <input_file_ref idref="fl-da"/>
      </object_component>
      <object_component id="oc-20f">
         <name>.text:PRCMSysResetCauseGet</name>
         <load_address>0x200075dc</load_address>
         <run_address>0x200075dc</run_address>
         <size>0x2c</size>
         <input_file_ref idref="fl-e6"/>
      </object_component>
      <object_component id="oc-ec">
         <name>.text:SPIDataGetNonBlocking</name>
         <load_address>0x20007608</load_address>
         <run_address>0x20007608</run_address>
         <size>0x2a</size>
         <input_file_ref idref="fl-e7"/>
      </object_component>
      <object_component id="oc-221">
         <name>.text:PRCMPeripheralClkDisable</name>
         <load_address>0x20007634</load_address>
         <run_address>0x20007634</run_address>
         <size>0x28</size>
         <input_file_ref idref="fl-e6"/>
      </object_component>
      <object_component id="oc-251">
         <name>.text:UARTEnable</name>
         <load_address>0x2000765c</load_address>
         <run_address>0x2000765c</run_address>
         <size>0x24</size>
         <input_file_ref idref="fl-e8"/>
      </object_component>
      <object_component id="oc-1be">
         <name>.text</name>
         <load_address>0x20007680</load_address>
         <run_address>0x20007680</run_address>
         <size>0x24</size>
         <input_file_ref idref="fl-c6"/>
      </object_component>
      <object_component id="oc-f8">
         <name>.text:SPIReset</name>
         <load_address>0x200076a4</load_address>
         <run_address>0x200076a4</run_address>
         <size>0x22</size>
         <input_file_ref idref="fl-e7"/>
      </object_component>
      <object_component id="oc-1fb">
         <name>.text:IntRegister</name>
         <load_address>0x200076c8</load_address>
         <run_address>0x200076c8</run_address>
         <size>0x20</size>
         <input_file_ref idref="fl-e4"/>
      </object_component>
      <object_component id="oc-128">
         <name>.text:SPIDataGet</name>
         <load_address>0x200076e8</load_address>
         <run_address>0x200076e8</run_address>
         <size>0x20</size>
         <input_file_ref idref="fl-e7"/>
      </object_component>
      <object_component id="oc-e6">
         <name>.text:SPIDataPut</name>
         <load_address>0x20007708</load_address>
         <run_address>0x20007708</run_address>
         <size>0x1e</size>
         <input_file_ref idref="fl-e7"/>
      </object_component>
      <object_component id="oc-134">
         <name>.text:SPIIntRegister</name>
         <load_address>0x20007726</load_address>
         <run_address>0x20007726</run_address>
         <size>0x1e</size>
         <input_file_ref idref="fl-e7"/>
      </object_component>
      <object_component id="oc-122">
         <name>.text:UARTCharPut</name>
         <load_address>0x20007744</load_address>
         <run_address>0x20007744</run_address>
         <size>0x1e</size>
         <input_file_ref idref="fl-e8"/>
      </object_component>
      <object_component id="oc-1b2">
         <name>.text:UARTCharGetNonBlocking</name>
         <load_address>0x20007762</load_address>
         <run_address>0x20007762</run_address>
         <size>0x1c</size>
         <input_file_ref idref="fl-e8"/>
      </object_component>
      <object_component id="oc-2e6">
         <name>.text</name>
         <load_address>0x2000777e</load_address>
         <run_address>0x2000777e</run_address>
         <size>0x1c</size>
         <input_file_ref idref="fl-dc"/>
      </object_component>
      <object_component id="oc-233">
         <name>.text:PinTypeSPI</name>
         <load_address>0x2000779a</load_address>
         <run_address>0x2000779a</run_address>
         <size>0x1a</size>
         <input_file_ref idref="fl-e5"/>
      </object_component>
      <object_component id="oc-22d">
         <name>.text:PinTypeUART</name>
         <load_address>0x200077b4</load_address>
         <run_address>0x200077b4</run_address>
         <size>0x1a</size>
         <input_file_ref idref="fl-e5"/>
      </object_component>
      <object_component id="oc-12e">
         <name>.text:SPICSDisable</name>
         <load_address>0x200077ce</load_address>
         <run_address>0x200077ce</run_address>
         <size>0x18</size>
         <input_file_ref idref="fl-e7"/>
      </object_component>
      <object_component id="oc-11c">
         <name>.text:SPICSEnable</name>
         <load_address>0x200077e6</load_address>
         <run_address>0x200077e6</run_address>
         <size>0x18</size>
         <input_file_ref idref="fl-e7"/>
      </object_component>
      <object_component id="oc-10a">
         <name>.text:SPIEnable</name>
         <load_address>0x200077fe</load_address>
         <run_address>0x200077fe</run_address>
         <size>0x18</size>
         <input_file_ref idref="fl-e7"/>
      </object_component>
      <object_component id="oc-1ac">
         <name>.text:UARTCharsAvail</name>
         <load_address>0x20007816</load_address>
         <run_address>0x20007816</run_address>
         <size>0x18</size>
         <input_file_ref idref="fl-e8"/>
      </object_component>
      <object_component id="oc-6d">
         <name>.text</name>
         <load_address>0x20007830</load_address>
         <run_address>0x20007830</run_address>
         <size>0x18</size>
         <input_file_ref idref="fl-d0"/>
      </object_component>
      <object_component id="oc-215">
         <name>.text:PRCMHIBRegRead</name>
         <load_address>0x20007848</load_address>
         <run_address>0x20007848</run_address>
         <size>0x16</size>
         <input_file_ref idref="fl-e6"/>
      </object_component>
      <object_component id="oc-21b">
         <name>.text:PRCMHIBRegWrite</name>
         <load_address>0x2000785e</load_address>
         <run_address>0x2000785e</run_address>
         <size>0x16</size>
         <input_file_ref idref="fl-e6"/>
      </object_component>
      <object_component id="oc-110">
         <name>.text:UARTCharGet</name>
         <load_address>0x20007874</load_address>
         <run_address>0x20007874</run_address>
         <size>0x16</size>
         <input_file_ref idref="fl-e8"/>
      </object_component>
      <object_component id="oc-2e0">
         <name>.text</name>
         <load_address>0x2000788a</load_address>
         <run_address>0x2000788a</run_address>
         <size>0x16</size>
         <input_file_ref idref="fl-e0"/>
      </object_component>
      <object_component id="oc-204">
         <name>.text:CPUcpsie</name>
         <load_address>0x200078a0</load_address>
         <run_address>0x200078a0</run_address>
         <size>0x14</size>
         <input_file_ref idref="fl-ea"/>
      </object_component>
      <object_component id="oc-140">
         <name>.text:IntVTableBaseSet</name>
         <load_address>0x200078b4</load_address>
         <run_address>0x200078b4</run_address>
         <size>0x14</size>
         <input_file_ref idref="fl-e4"/>
      </object_component>
      <object_component id="oc-17d">
         <name>.text</name>
         <load_address>0x200078c8</load_address>
         <run_address>0x200078c8</run_address>
         <size>0x14</size>
         <input_file_ref idref="fl-ce"/>
      </object_component>
      <object_component id="oc-1b8">
         <name>.text</name>
         <load_address>0x200078dc</load_address>
         <run_address>0x200078dc</run_address>
         <size>0x14</size>
         <input_file_ref idref="fl-cc"/>
      </object_component>
      <object_component id="oc-12">
         <name>.text:decompress:none</name>
         <load_address>0x200078f0</load_address>
         <run_address>0x200078f0</run_address>
         <size>0xe</size>
         <input_file_ref idref="fl-c1"/>
      </object_component>
      <object_component id="oc-2d">
         <name>.text</name>
         <load_address>0x200078fe</load_address>
         <run_address>0x200078fe</run_address>
         <size>0xe</size>
         <input_file_ref idref="fl-4"/>
      </object_component>
      <object_component id="oc-146">
         <name>.text:IntMasterEnable</name>
         <load_address>0x2000790c</load_address>
         <run_address>0x2000790c</run_address>
         <size>0xa</size>
         <input_file_ref idref="fl-e4"/>
      </object_component>
      <object_component id="oc-320">
         <name>.text</name>
         <load_address>0x20007916</load_address>
         <run_address>0x20007916</run_address>
         <size>0x8</size>
         <input_file_ref idref="fl-e3"/>
      </object_component>
      <object_component id="oc-285">
         <name>.text:UtilsDelay</name>
         <load_address>0x2000791e</load_address>
         <run_address>0x2000791e</run_address>
         <size>0x6</size>
         <input_file_ref idref="fl-e9"/>
      </object_component>
      <object_component id="oc-18">
         <name>.text:decompress:rle24</name>
         <load_address>0x20007924</load_address>
         <run_address>0x20007924</run_address>
         <size>0x6</size>
         <input_file_ref idref="fl-c2"/>
      </object_component>
      <object_component id="oc-61">
         <name>.text</name>
         <load_address>0x2000792a</load_address>
         <run_address>0x2000792a</run_address>
         <size>0x4</size>
         <input_file_ref idref="fl-ca"/>
      </object_component>
      <object_component id="oc-32f">
         <name>.const:.string:_ctypes_</name>
         <load_address>0x20007930</load_address>
         <run_address>0x20007930</run_address>
         <size>0x101</size>
         <input_file_ref idref="fl-d4"/>
      </object_component>
      <object_component id="oc-30a">
         <name>.const:g_ulPinToPadMap</name>
         <load_address>0x20007a34</load_address>
         <run_address>0x20007a34</run_address>
         <size>0x100</size>
         <input_file_ref idref="fl-e5"/>
      </object_component>
      <object_component id="oc-23a">
         <name>.const:PRCM_PeriphRegsList</name>
         <load_address>0x20007b34</load_address>
         <run_address>0x20007b34</run_address>
         <size>0xa8</size>
         <input_file_ref idref="fl-e6"/>
      </object_component>
      <object_component id="oc-27b">
         <name>.const:g_ppulSPIIntMap</name>
         <load_address>0x20007bdc</load_address>
         <run_address>0x20007bdc</run_address>
         <size>0x24</size>
         <input_file_ref idref="fl-e7"/>
      </object_component>
      <object_component id="oc-20b">
         <name>.const:g_pulEnRegs</name>
         <load_address>0x20007c00</load_address>
         <run_address>0x20007c00</run_address>
         <size>0x18</size>
         <input_file_ref idref="fl-e4"/>
      </object_component>
      <object_component id="oc-245">
         <name>.const:g_ulSPIDmaMaskMap</name>
         <load_address>0x20007c18</load_address>
         <run_address>0x20007c18</run_address>
         <size>0x18</size>
         <input_file_ref idref="fl-e7"/>
      </object_component>
      <object_component id="oc-375">
         <name>.cinit..data.load</name>
         <load_address>0x20007c30</load_address>
         <run_address>0x20007c30</run_address>
         <size>0x23</size>
      </object_component>
      <object_component id="oc-376">
         <name>.cinit..bss.load</name>
         <load_address>0x20007c58</load_address>
         <run_address>0x20007c58</run_address>
         <size>0xb</size>
      </object_component>
      <object_component id="oc-373">
         <name>__TI_handler_table</name>
         <load_address>0x20007c64</load_address>
         <run_address>0x20007c64</run_address>
         <size>0x8</size>
      </object_component>
      <object_component id="oc-374">
         <name>__TI_cinit_table</name>
         <load_address>0x20007c6c</load_address>
         <run_address>0x20007c6c</run_address>
         <size>0x10</size>
      </object_component>
      <object_component id="oc-b4">
         <name>.data:$O1$$</name>
         <load_address>0x20017c08</load_address>
         <run_address>0x20017c08</run_address>
         <size>0xc</size>
         <input_file_ref idref="fl-c4"/>
      </object_component>
      <object_component id="oc-270">
         <name>.data:$O1$$</name>
         <load_address>0x20017c14</load_address>
         <run_address>0x20017c14</run_address>
         <size>0xc</size>
         <input_file_ref idref="fl-c7"/>
      </object_component>
      <object_component id="oc-79">
         <name>.data</name>
         <load_address>0x20017c2c</load_address>
         <run_address>0x20017c2c</run_address>
         <size>0x4</size>
         <input_file_ref idref="fl-cb"/>
      </object_component>
      <object_component id="oc-b7">
         <name>.data:$O1$$</name>
         <load_address>0x20017c20</load_address>
         <run_address>0x20017c20</run_address>
         <size>0x8</size>
         <input_file_ref idref="fl-ce"/>
      </object_component>
      <object_component id="oc-326">
         <name>.data</name>
         <load_address>0x20017c28</load_address>
         <run_address>0x20017c28</run_address>
         <size>0x4</size>
         <input_file_ref idref="fl-e2"/>
      </object_component>
      <object_component id="oc-158">
         <name>.bss:g_ucTxBuff</name>
         <uninitialized>true</uninitialized>
         <run_address>0x20017a00</run_address>
         <size>0x200</size>
         <input_file_ref idref="fl-2"/>
      </object_component>
      <object_component id="oc-170">
         <name>.bss:g_ucRxBuff</name>
         <uninitialized>true</uninitialized>
         <run_address>0x20017800</run_address>
         <size>0x200</size>
         <input_file_ref idref="fl-2"/>
      </object_component>
      <object_component id="oc-15b">
         <name>.bss</name>
         <uninitialized>true</uninitialized>
         <run_address>0x20017c04</run_address>
         <size>0x2</size>
         <input_file_ref idref="fl-2"/>
      </object_component>
      <object_component id="oc-1ca">
         <name>.bss</name>
         <uninitialized>true</uninitialized>
         <run_address>0x20017c00</run_address>
         <size>0x4</size>
         <input_file_ref idref="fl-5"/>
      </object_component>
      <object_component id="oc-2a">
         <name>.sysmem</name>
         <uninitialized>true</uninitialized>
         <run_address>0x20017000</run_address>
         <size>0x8</size>
         <input_file_ref idref="fl-c7"/>
      </object_component>
      <object_component id="oc-378">
         <name>.sysmem</name>
         <uninitialized>true</uninitialized>
         <run_address>0x20017000</run_address>
         <size>0x0</size>
      </object_component>
      <object_component id="oc-29">
         <name>.stack</name>
         <uninitialized>true</uninitialized>
         <run_address>0x2002f800</run_address>
         <size>0x0</size>
         <input_file_ref idref="fl-c0"/>
      </object_component>
      <object_component id="oc-377">
         <name>.stack</name>
         <uninitialized>true</uninitialized>
         <run_address>0x2002f800</run_address>
         <size>0x0</size>
      </object_component>
      <object_component id="oc-22a">
         <name>.debug_info</name>
         <load_address>0x0</load_address>
         <run_address>0x0</run_address>
         <size>0x631</size>
         <input_file_ref idref="fl-2"/>
      </object_component>
      <object_component id="oc-159">
         <name>.debug_info</name>
         <load_address>0x631</load_address>
         <run_address>0x631</run_address>
         <size>0xd9</size>
         <input_file_ref idref="fl-2"/>
      </object_component>
      <object_component id="oc-171">
         <name>.debug_info</name>
         <load_address>0x70a</load_address>
         <run_address>0x70a</run_address>
         <size>0xd9</size>
         <input_file_ref idref="fl-2"/>
      </object_component>
      <object_component id="oc-15c">
         <name>.debug_info</name>
         <load_address>0x7e3</load_address>
         <run_address>0x7e3</run_address>
         <size>0x101</size>
         <input_file_ref idref="fl-2"/>
      </object_component>
      <object_component id="oc-ad">
         <name>.debug_info</name>
         <load_address>0x8e4</load_address>
         <run_address>0x8e4</run_address>
         <size>0x5f5</size>
         <input_file_ref idref="fl-2"/>
      </object_component>
      <object_component id="oc-29d">
         <name>.debug_info</name>
         <load_address>0xed9</load_address>
         <run_address>0xed9</run_address>
         <size>0x62</size>
         <input_file_ref idref="fl-2"/>
      </object_component>
      <object_component id="oc-84">
         <name>.debug_info</name>
         <load_address>0xf3b</load_address>
         <run_address>0xf3b</run_address>
         <size>0x84</size>
         <input_file_ref idref="fl-2"/>
      </object_component>
      <object_component id="oc-197">
         <name>.debug_info</name>
         <load_address>0xfbf</load_address>
         <run_address>0xfbf</run_address>
         <size>0x2c</size>
         <input_file_ref idref="fl-2"/>
      </object_component>
      <object_component id="oc-94">
         <name>.debug_info</name>
         <load_address>0xfeb</load_address>
         <run_address>0xfeb</run_address>
         <size>0x2c</size>
         <input_file_ref idref="fl-2"/>
      </object_component>
      <object_component id="oc-161">
         <name>.debug_info</name>
         <load_address>0x1017</load_address>
         <run_address>0x1017</run_address>
         <size>0x1b2</size>
         <input_file_ref idref="fl-3"/>
      </object_component>
      <object_component id="oc-35">
         <name>.debug_info</name>
         <load_address>0x11c9</load_address>
         <run_address>0x11c9</run_address>
         <size>0x127</size>
         <input_file_ref idref="fl-4"/>
      </object_component>
      <object_component id="oc-10">
         <name>.debug_info</name>
         <load_address>0x12f0</load_address>
         <run_address>0x12f0</run_address>
         <size>0x112</size>
         <input_file_ref idref="fl-4"/>
      </object_component>
      <object_component id="oc-31">
         <name>.debug_info</name>
         <load_address>0x1402</load_address>
         <run_address>0x1402</run_address>
         <size>0x433</size>
         <input_file_ref idref="fl-4"/>
      </object_component>
      <object_component id="oc-1ce">
         <name>.debug_info</name>
         <load_address>0x1835</load_address>
         <run_address>0x1835</run_address>
         <size>0x389</size>
         <input_file_ref idref="fl-5"/>
      </object_component>
      <object_component id="oc-1cb">
         <name>.debug_info</name>
         <load_address>0x1bbe</load_address>
         <run_address>0x1bbe</run_address>
         <size>0x109</size>
         <input_file_ref idref="fl-5"/>
      </object_component>
      <object_component id="oc-f5">
         <name>.debug_info</name>
         <load_address>0x1cc7</load_address>
         <run_address>0x1cc7</run_address>
         <size>0x8e6</size>
         <input_file_ref idref="fl-5"/>
      </object_component>
      <object_component id="oc-1d4">
         <name>.debug_info</name>
         <load_address>0x25ad</load_address>
         <run_address>0x25ad</run_address>
         <size>0x110</size>
         <input_file_ref idref="fl-5"/>
      </object_component>
      <object_component id="oc-1cf">
         <name>.debug_info</name>
         <load_address>0x26bd</load_address>
         <run_address>0x26bd</run_address>
         <size>0x4e</size>
         <input_file_ref idref="fl-5"/>
      </object_component>
      <object_component id="oc-27">
         <name>.debug_info</name>
         <load_address>0x270b</load_address>
         <run_address>0x270b</run_address>
         <size>0x161</size>
         <input_file_ref idref="fl-c0"/>
      </object_component>
      <object_component id="oc-41">
         <name>.debug_info</name>
         <load_address>0x286c</load_address>
         <run_address>0x286c</run_address>
         <size>0x141</size>
         <input_file_ref idref="fl-c1"/>
      </object_component>
      <object_component id="oc-16">
         <name>.debug_info</name>
         <load_address>0x29ad</load_address>
         <run_address>0x29ad</run_address>
         <size>0x1e0</size>
         <input_file_ref idref="fl-c1"/>
      </object_component>
      <object_component id="oc-3c">
         <name>.debug_info</name>
         <load_address>0x2b8d</load_address>
         <run_address>0x2b8d</run_address>
         <size>0x46</size>
         <input_file_ref idref="fl-c1"/>
      </object_component>
      <object_component id="oc-8a">
         <name>.debug_info</name>
         <load_address>0x2bd3</load_address>
         <run_address>0x2bd3</run_address>
         <size>0x2c</size>
         <input_file_ref idref="fl-c1"/>
      </object_component>
      <object_component id="oc-49">
         <name>.debug_info</name>
         <load_address>0x2bff</load_address>
         <run_address>0x2bff</run_address>
         <size>0x135</size>
         <input_file_ref idref="fl-c2"/>
      </object_component>
      <object_component id="oc-46">
         <name>.debug_info</name>
         <load_address>0x2d34</load_address>
         <run_address>0x2d34</run_address>
         <size>0x248</size>
         <input_file_ref idref="fl-c2"/>
      </object_component>
      <object_component id="oc-1c">
         <name>.debug_info</name>
         <load_address>0x2f7c</load_address>
         <run_address>0x2f7c</run_address>
         <size>0x1b2</size>
         <input_file_ref idref="fl-c2"/>
      </object_component>
      <object_component id="oc-4a">
         <name>.debug_info</name>
         <load_address>0x312e</load_address>
         <run_address>0x312e</run_address>
         <size>0x39</size>
         <input_file_ref idref="fl-c2"/>
      </object_component>
      <object_component id="oc-bb">
         <name>.debug_info</name>
         <load_address>0x3167</load_address>
         <run_address>0x3167</run_address>
         <size>0x235</size>
         <input_file_ref idref="fl-c4"/>
      </object_component>
      <object_component id="oc-b5">
         <name>.debug_info</name>
         <load_address>0x339c</load_address>
         <run_address>0x339c</run_address>
         <size>0x186</size>
         <input_file_ref idref="fl-c4"/>
      </object_component>
      <object_component id="oc-75">
         <name>.debug_info</name>
         <load_address>0x3522</load_address>
         <run_address>0x3522</run_address>
         <size>0x215</size>
         <input_file_ref idref="fl-c4"/>
      </object_component>
      <object_component id="oc-37">
         <name>.debug_info</name>
         <load_address>0x3737</load_address>
         <run_address>0x3737</run_address>
         <size>0x112</size>
         <input_file_ref idref="fl-c5"/>
      </object_component>
      <object_component id="oc-26f">
         <name>.debug_info</name>
         <load_address>0x3849</load_address>
         <run_address>0x3849</run_address>
         <size>0x12d</size>
         <input_file_ref idref="fl-c6"/>
      </object_component>
      <object_component id="oc-1bf">
         <name>.debug_info</name>
         <load_address>0x3976</load_address>
         <run_address>0x3976</run_address>
         <size>0x1ac</size>
         <input_file_ref idref="fl-c6"/>
      </object_component>
      <object_component id="oc-7f">
         <name>.debug_info</name>
         <load_address>0x3b22</load_address>
         <run_address>0x3b22</run_address>
         <size>0x223</size>
         <input_file_ref idref="fl-c7"/>
      </object_component>
      <object_component id="oc-2b">
         <name>.debug_info</name>
         <load_address>0x3d45</load_address>
         <run_address>0x3d45</run_address>
         <size>0x102</size>
         <input_file_ref idref="fl-c7"/>
      </object_component>
      <object_component id="oc-271">
         <name>.debug_info</name>
         <load_address>0x3e47</load_address>
         <run_address>0x3e47</run_address>
         <size>0x14d</size>
         <input_file_ref idref="fl-c7"/>
      </object_component>
      <object_component id="oc-1c8">
         <name>.debug_info</name>
         <load_address>0x3f94</load_address>
         <run_address>0x3f94</run_address>
         <size>0x88c</size>
         <input_file_ref idref="fl-c7"/>
      </object_component>
      <object_component id="oc-c1">
         <name>.debug_info</name>
         <load_address>0x4820</load_address>
         <run_address>0x4820</run_address>
         <size>0x2c</size>
         <input_file_ref idref="fl-c7"/>
      </object_component>
      <object_component id="oc-c6">
         <name>.debug_info</name>
         <load_address>0x484c</load_address>
         <run_address>0x484c</run_address>
         <size>0x62</size>
         <input_file_ref idref="fl-c7"/>
      </object_component>
      <object_component id="oc-50">
         <name>.debug_info</name>
         <load_address>0x48ae</load_address>
         <run_address>0x48ae</run_address>
         <size>0x140</size>
         <input_file_ref idref="fl-c8"/>
      </object_component>
      <object_component id="oc-5e">
         <name>.debug_info</name>
         <load_address>0x49ee</load_address>
         <run_address>0x49ee</run_address>
         <size>0x139</size>
         <input_file_ref idref="fl-c9"/>
      </object_component>
      <object_component id="oc-62">
         <name>.debug_info</name>
         <load_address>0x4b27</load_address>
         <run_address>0x4b27</run_address>
         <size>0x149</size>
         <input_file_ref idref="fl-ca"/>
      </object_component>
      <object_component id="oc-7a">
         <name>.debug_info</name>
         <load_address>0x4c70</load_address>
         <run_address>0x4c70</run_address>
         <size>0x10a</size>
         <input_file_ref idref="fl-cb"/>
      </object_component>
      <object_component id="oc-26d">
         <name>.debug_info</name>
         <load_address>0x4d7a</load_address>
         <run_address>0x4d7a</run_address>
         <size>0xeb</size>
         <input_file_ref idref="fl-cc"/>
      </object_component>
      <object_component id="oc-1bc">
         <name>.debug_info</name>
         <load_address>0x4e65</load_address>
         <run_address>0x4e65</run_address>
         <size>0x22b</size>
         <input_file_ref idref="fl-cc"/>
      </object_component>
      <object_component id="oc-25f">
         <name>.debug_info</name>
         <load_address>0x5090</load_address>
         <run_address>0x5090</run_address>
         <size>0x1c9</size>
         <input_file_ref idref="fl-cd"/>
      </object_component>
      <object_component id="oc-1a7">
         <name>.debug_info</name>
         <load_address>0x5259</load_address>
         <run_address>0x5259</run_address>
         <size>0x35d</size>
         <input_file_ref idref="fl-cd"/>
      </object_component>
      <object_component id="oc-260">
         <name>.debug_info</name>
         <load_address>0x55b6</load_address>
         <run_address>0x55b6</run_address>
         <size>0x2c</size>
         <input_file_ref idref="fl-cd"/>
      </object_component>
      <object_component id="oc-265">
         <name>.debug_info</name>
         <load_address>0x55e2</load_address>
         <run_address>0x55e2</run_address>
         <size>0x69</size>
         <input_file_ref idref="fl-cd"/>
      </object_component>
      <object_component id="oc-185">
         <name>.debug_info</name>
         <load_address>0x564b</load_address>
         <run_address>0x564b</run_address>
         <size>0x125</size>
         <input_file_ref idref="fl-ce"/>
      </object_component>
      <object_component id="oc-b8">
         <name>.debug_info</name>
         <load_address>0x5770</load_address>
         <run_address>0x5770</run_address>
         <size>0x114</size>
         <input_file_ref idref="fl-ce"/>
      </object_component>
      <object_component id="oc-181">
         <name>.debug_info</name>
         <load_address>0x5884</load_address>
         <run_address>0x5884</run_address>
         <size>0x220</size>
         <input_file_ref idref="fl-ce"/>
      </object_component>
      <object_component id="oc-2f3">
         <name>.debug_info</name>
         <load_address>0x5aa4</load_address>
         <run_address>0x5aa4</run_address>
         <size>0x38c</size>
         <input_file_ref idref="fl-cf"/>
      </object_component>
      <object_component id="oc-25a">
         <name>.debug_info</name>
         <load_address>0x5e30</load_address>
         <run_address>0x5e30</run_address>
         <size>0x17ef</size>
         <input_file_ref idref="fl-cf"/>
      </object_component>
      <object_component id="oc-2f4">
         <name>.debug_info</name>
         <load_address>0x761f</load_address>
         <run_address>0x761f</run_address>
         <size>0x86</size>
         <input_file_ref idref="fl-cf"/>
      </object_component>
      <object_component id="oc-336">
         <name>.debug_info</name>
         <load_address>0x76a5</load_address>
         <run_address>0x76a5</run_address>
         <size>0x46</size>
         <input_file_ref idref="fl-cf"/>
      </object_component>
      <object_component id="oc-2f9">
         <name>.debug_info</name>
         <load_address>0x76eb</load_address>
         <run_address>0x76eb</run_address>
         <size>0x39</size>
         <input_file_ref idref="fl-cf"/>
      </object_component>
      <object_component id="oc-b3">
         <name>.debug_info</name>
         <load_address>0x7724</load_address>
         <run_address>0x7724</run_address>
         <size>0x167</size>
         <input_file_ref idref="fl-d0"/>
      </object_component>
      <object_component id="oc-71">
         <name>.debug_info</name>
         <load_address>0x788b</load_address>
         <run_address>0x788b</run_address>
         <size>0x168</size>
         <input_file_ref idref="fl-d0"/>
      </object_component>
      <object_component id="oc-176">
         <name>.debug_info</name>
         <load_address>0x79f3</load_address>
         <run_address>0x79f3</run_address>
         <size>0x5e</size>
         <input_file_ref idref="fl-d0"/>
      </object_component>
      <object_component id="oc-333">
         <name>.debug_info</name>
         <load_address>0x7a51</load_address>
         <run_address>0x7a51</run_address>
         <size>0x115</size>
         <input_file_ref idref="fl-d1"/>
      </object_component>
      <object_component id="oc-2f0">
         <name>.debug_info</name>
         <load_address>0x7b66</load_address>
         <run_address>0x7b66</run_address>
         <size>0x172</size>
         <input_file_ref idref="fl-d1"/>
      </object_component>
      <object_component id="oc-ab">
         <name>.debug_info</name>
         <load_address>0x7cd8</load_address>
         <run_address>0x7cd8</run_address>
         <size>0x2ea</size>
         <input_file_ref idref="fl-d2"/>
      </object_component>
      <object_component id="oc-68">
         <name>.debug_info</name>
         <load_address>0x7fc2</load_address>
         <run_address>0x7fc2</run_address>
         <size>0x191</size>
         <input_file_ref idref="fl-d2"/>
      </object_component>
      <object_component id="oc-d0">
         <name>.debug_info</name>
         <load_address>0x8153</load_address>
         <run_address>0x8153</run_address>
         <size>0x39</size>
         <input_file_ref idref="fl-d2"/>
      </object_component>
      <object_component id="oc-d5">
         <name>.debug_info</name>
         <load_address>0x818c</load_address>
         <run_address>0x818c</run_address>
         <size>0xcd</size>
         <input_file_ref idref="fl-d2"/>
      </object_component>
      <object_component id="oc-cc">
         <name>.debug_info</name>
         <load_address>0x8259</load_address>
         <run_address>0x8259</run_address>
         <size>0x1e1</size>
         <input_file_ref idref="fl-d3"/>
      </object_component>
      <object_component id="oc-a1">
         <name>.debug_info</name>
         <load_address>0x843a</load_address>
         <run_address>0x843a</run_address>
         <size>0x184</size>
         <input_file_ref idref="fl-d3"/>
      </object_component>
      <object_component id="oc-18b">
         <name>.debug_info</name>
         <load_address>0x85be</load_address>
         <run_address>0x85be</run_address>
         <size>0x2c</size>
         <input_file_ref idref="fl-d3"/>
      </object_component>
      <object_component id="oc-34d">
         <name>.debug_info</name>
         <load_address>0x85ea</load_address>
         <run_address>0x85ea</run_address>
         <size>0xef</size>
         <input_file_ref idref="fl-d4"/>
      </object_component>
      <object_component id="oc-330">
         <name>.debug_info</name>
         <load_address>0x86d9</load_address>
         <run_address>0x86d9</run_address>
         <size>0xfb</size>
         <input_file_ref idref="fl-d4"/>
      </object_component>
      <object_component id="oc-2d0">
         <name>.debug_info</name>
         <load_address>0x87d4</load_address>
         <run_address>0x87d4</run_address>
         <size>0x145</size>
         <input_file_ref idref="fl-d5"/>
      </object_component>
      <object_component id="oc-2ae">
         <name>.debug_info</name>
         <load_address>0x8919</load_address>
         <run_address>0x8919</run_address>
         <size>0x121</size>
         <input_file_ref idref="fl-d6"/>
      </object_component>
      <object_component id="oc-2bc">
         <name>.debug_info</name>
         <load_address>0x8a3a</load_address>
         <run_address>0x8a3a</run_address>
         <size>0x123</size>
         <input_file_ref idref="fl-d6"/>
      </object_component>
      <object_component id="oc-2b6">
         <name>.debug_info</name>
         <load_address>0x8b5d</load_address>
         <run_address>0x8b5d</run_address>
         <size>0x133</size>
         <input_file_ref idref="fl-d7"/>
      </object_component>
      <object_component id="oc-2b1">
         <name>.debug_info</name>
         <load_address>0x8c90</load_address>
         <run_address>0x8c90</run_address>
         <size>0x133</size>
         <input_file_ref idref="fl-d8"/>
      </object_component>
      <object_component id="oc-2c0">
         <name>.debug_info</name>
         <load_address>0x8dc3</load_address>
         <run_address>0x8dc3</run_address>
         <size>0x127</size>
         <input_file_ref idref="fl-d9"/>
      </object_component>
      <object_component id="oc-2cd">
         <name>.debug_info</name>
         <load_address>0x8eea</load_address>
         <run_address>0x8eea</run_address>
         <size>0x125</size>
         <input_file_ref idref="fl-da"/>
      </object_component>
      <object_component id="oc-316">
         <name>.debug_info</name>
         <load_address>0x900f</load_address>
         <run_address>0x900f</run_address>
         <size>0x14d</size>
         <input_file_ref idref="fl-db"/>
      </object_component>
      <object_component id="oc-2c5">
         <name>.debug_info</name>
         <load_address>0x915c</load_address>
         <run_address>0x915c</run_address>
         <size>0x1c3</size>
         <input_file_ref idref="fl-db"/>
      </object_component>
      <object_component id="oc-32e">
         <name>.debug_info</name>
         <load_address>0x931f</load_address>
         <run_address>0x931f</run_address>
         <size>0xf2</size>
         <input_file_ref idref="fl-dc"/>
      </object_component>
      <object_component id="oc-2e9">
         <name>.debug_info</name>
         <load_address>0x9411</load_address>
         <run_address>0x9411</run_address>
         <size>0x1ac</size>
         <input_file_ref idref="fl-dc"/>
      </object_component>
      <object_component id="oc-31a">
         <name>.debug_info</name>
         <load_address>0x95bd</load_address>
         <run_address>0x95bd</run_address>
         <size>0x140</size>
         <input_file_ref idref="fl-dd"/>
      </object_component>
      <object_component id="oc-2d6">
         <name>.debug_info</name>
         <load_address>0x96fd</load_address>
         <run_address>0x96fd</run_address>
         <size>0x18a</size>
         <input_file_ref idref="fl-dd"/>
      </object_component>
      <object_component id="oc-31b">
         <name>.debug_info</name>
         <load_address>0x9887</load_address>
         <run_address>0x9887</run_address>
         <size>0x2c</size>
         <input_file_ref idref="fl-dd"/>
      </object_component>
      <object_component id="oc-32a">
         <name>.debug_info</name>
         <load_address>0x98b3</load_address>
         <run_address>0x98b3</run_address>
         <size>0x17d</size>
         <input_file_ref idref="fl-de"/>
      </object_component>
      <object_component id="oc-2dc">
         <name>.debug_info</name>
         <load_address>0x9a30</load_address>
         <run_address>0x9a30</run_address>
         <size>0x1e7</size>
         <input_file_ref idref="fl-de"/>
      </object_component>
      <object_component id="oc-a5">
         <name>.debug_info</name>
         <load_address>0x9c17</load_address>
         <run_address>0x9c17</run_address>
         <size>0x146</size>
         <input_file_ref idref="fl-df"/>
      </object_component>
      <object_component id="oc-32c">
         <name>.debug_info</name>
         <load_address>0x9d5d</load_address>
         <run_address>0x9d5d</run_address>
         <size>0xf6</size>
         <input_file_ref idref="fl-e0"/>
      </object_component>
      <object_component id="oc-2e3">
         <name>.debug_info</name>
         <load_address>0x9e53</load_address>
         <run_address>0x9e53</run_address>
         <size>0x245</size>
         <input_file_ref idref="fl-e0"/>
      </object_component>
      <object_component id="oc-2a7">
         <name>.debug_info</name>
         <load_address>0xa098</load_address>
         <run_address>0xa098</run_address>
         <size>0x17e</size>
         <input_file_ref idref="fl-e1"/>
      </object_component>
      <object_component id="oc-327">
         <name>.debug_info</name>
         <load_address>0xa216</load_address>
         <run_address>0xa216</run_address>
         <size>0xf4</size>
         <input_file_ref idref="fl-e2"/>
      </object_component>
      <object_component id="oc-321">
         <name>.debug_info</name>
         <load_address>0xa30a</load_address>
         <run_address>0xa30a</run_address>
         <size>0x155</size>
         <input_file_ref idref="fl-e3"/>
      </object_component>
      <object_component id="oc-280">
         <name>.debug_info</name>
         <load_address>0xa45f</load_address>
         <run_address>0xa45f</run_address>
         <size>0x1a7</size>
         <input_file_ref idref="fl-e4"/>
      </object_component>
      <object_component id="oc-20c">
         <name>.debug_info</name>
         <load_address>0xa606</load_address>
         <run_address>0xa606</run_address>
         <size>0x106</size>
         <input_file_ref idref="fl-e4"/>
      </object_component>
      <object_component id="oc-147">
         <name>.debug_info</name>
         <load_address>0xa70c</load_address>
         <run_address>0xa70c</run_address>
         <size>0x1a6</size>
         <input_file_ref idref="fl-e4"/>
      </object_component>
      <object_component id="oc-141">
         <name>.debug_info</name>
         <load_address>0xa8b2</load_address>
         <run_address>0xa8b2</run_address>
         <size>0x1d8</size>
         <input_file_ref idref="fl-e4"/>
      </object_component>
      <object_component id="oc-1fc">
         <name>.debug_info</name>
         <load_address>0xaa8a</load_address>
         <run_address>0xaa8a</run_address>
         <size>0x222</size>
         <input_file_ref idref="fl-e4"/>
      </object_component>
      <object_component id="oc-14d">
         <name>.debug_info</name>
         <load_address>0xacac</load_address>
         <run_address>0xacac</run_address>
         <size>0x1c9</size>
         <input_file_ref idref="fl-e4"/>
      </object_component>
      <object_component id="oc-33d">
         <name>.debug_info</name>
         <load_address>0xae75</load_address>
         <run_address>0xae75</run_address>
         <size>0xf4</size>
         <input_file_ref idref="fl-e5"/>
      </object_component>
      <object_component id="oc-30b">
         <name>.debug_info</name>
         <load_address>0xaf69</load_address>
         <run_address>0xaf69</run_address>
         <size>0x108</size>
         <input_file_ref idref="fl-e5"/>
      </object_component>
      <object_component id="oc-28f">
         <name>.debug_info</name>
         <load_address>0xb071</load_address>
         <run_address>0xb071</run_address>
         <size>0x1e9</size>
         <input_file_ref idref="fl-e5"/>
      </object_component>
      <object_component id="oc-295">
         <name>.debug_info</name>
         <load_address>0xb25a</load_address>
         <run_address>0xb25a</run_address>
         <size>0x237</size>
         <input_file_ref idref="fl-e5"/>
      </object_component>
      <object_component id="oc-231">
         <name>.debug_info</name>
         <load_address>0xb491</load_address>
         <run_address>0xb491</run_address>
         <size>0x1fe</size>
         <input_file_ref idref="fl-e5"/>
      </object_component>
      <object_component id="oc-237">
         <name>.debug_info</name>
         <load_address>0xb68f</load_address>
         <run_address>0xb68f</run_address>
         <size>0x1fc</size>
         <input_file_ref idref="fl-e5"/>
      </object_component>
      <object_component id="oc-23f">
         <name>.debug_info</name>
         <load_address>0xb88b</load_address>
         <run_address>0xb88b</run_address>
         <size>0x204</size>
         <input_file_ref idref="fl-e6"/>
      </object_component>
      <object_component id="oc-23b">
         <name>.debug_info</name>
         <load_address>0xba8f</load_address>
         <run_address>0xba8f</run_address>
         <size>0x111</size>
         <input_file_ref idref="fl-e6"/>
      </object_component>
      <object_component id="oc-213">
         <name>.debug_info</name>
         <load_address>0xbba0</load_address>
         <run_address>0xbba0</run_address>
         <size>0x1d0</size>
         <input_file_ref idref="fl-e6"/>
      </object_component>
      <object_component id="oc-168">
         <name>.debug_info</name>
         <load_address>0xbd70</load_address>
         <run_address>0xbd70</run_address>
         <size>0x215</size>
         <input_file_ref idref="fl-e6"/>
      </object_component>
      <object_component id="oc-225">
         <name>.debug_info</name>
         <load_address>0xbf85</load_address>
         <run_address>0xbf85</run_address>
         <size>0x217</size>
         <input_file_ref idref="fl-e6"/>
      </object_component>
      <object_component id="oc-102">
         <name>.debug_info</name>
         <load_address>0xc19c</load_address>
         <run_address>0xc19c</run_address>
         <size>0x240</size>
         <input_file_ref idref="fl-e6"/>
      </object_component>
      <object_component id="oc-16e">
         <name>.debug_info</name>
         <load_address>0xc3dc</load_address>
         <run_address>0xc3dc</run_address>
         <size>0x1ea</size>
         <input_file_ref idref="fl-e6"/>
      </object_component>
      <object_component id="oc-154">
         <name>.debug_info</name>
         <load_address>0xc5c6</load_address>
         <run_address>0xc5c6</run_address>
         <size>0x2ad</size>
         <input_file_ref idref="fl-e6"/>
      </object_component>
      <object_component id="oc-217">
         <name>.debug_info</name>
         <load_address>0xc873</load_address>
         <run_address>0xc873</run_address>
         <size>0x1e9</size>
         <input_file_ref idref="fl-e6"/>
      </object_component>
      <object_component id="oc-21d">
         <name>.debug_info</name>
         <load_address>0xca5c</load_address>
         <run_address>0xca5c</run_address>
         <size>0x1fe</size>
         <input_file_ref idref="fl-e6"/>
      </object_component>
      <object_component id="oc-19f">
         <name>.debug_info</name>
         <load_address>0xcc5a</load_address>
         <run_address>0xcc5a</run_address>
         <size>0x1d8</size>
         <input_file_ref idref="fl-e7"/>
      </object_component>
      <object_component id="oc-27c">
         <name>.debug_info</name>
         <load_address>0xce32</load_address>
         <run_address>0xce32</run_address>
         <size>0x108</size>
         <input_file_ref idref="fl-e7"/>
      </object_component>
      <object_component id="oc-246">
         <name>.debug_info</name>
         <load_address>0xcf3a</load_address>
         <run_address>0xcf3a</run_address>
         <size>0x10c</size>
         <input_file_ref idref="fl-e7"/>
      </object_component>
      <object_component id="oc-1df">
         <name>.debug_info</name>
         <load_address>0xd046</load_address>
         <run_address>0xd046</run_address>
         <size>0x306</size>
         <input_file_ref idref="fl-e7"/>
      </object_component>
      <object_component id="oc-1e5">
         <name>.debug_info</name>
         <load_address>0xd34c</load_address>
         <run_address>0xd34c</run_address>
         <size>0x309</size>
         <input_file_ref idref="fl-e7"/>
      </object_component>
      <object_component id="oc-1eb">
         <name>.debug_info</name>
         <load_address>0xd655</load_address>
         <run_address>0xd655</run_address>
         <size>0x30b</size>
         <input_file_ref idref="fl-e7"/>
      </object_component>
      <object_component id="oc-1f6">
         <name>.debug_info</name>
         <load_address>0xd960</load_address>
         <run_address>0xd960</run_address>
         <size>0x1c6</size>
         <input_file_ref idref="fl-e7"/>
      </object_component>
      <object_component id="oc-191">
         <name>.debug_info</name>
         <load_address>0xdb26</load_address>
         <run_address>0xdb26</run_address>
         <size>0x1c2</size>
         <input_file_ref idref="fl-e7"/>
      </object_component>
      <object_component id="oc-10b">
         <name>.debug_info</name>
         <load_address>0xdce8</load_address>
         <run_address>0xdce8</run_address>
         <size>0x1a3</size>
         <input_file_ref idref="fl-e7"/>
      </object_component>
      <object_component id="oc-f9">
         <name>.debug_info</name>
         <load_address>0xde8b</load_address>
         <run_address>0xde8b</run_address>
         <size>0x1a1</size>
         <input_file_ref idref="fl-e7"/>
      </object_component>
      <object_component id="oc-105">
         <name>.debug_info</name>
         <load_address>0xe02c</load_address>
         <run_address>0xe02c</run_address>
         <size>0x2b8</size>
         <input_file_ref idref="fl-e7"/>
      </object_component>
      <object_component id="oc-ed">
         <name>.debug_info</name>
         <load_address>0xe2e4</load_address>
         <run_address>0xe2e4</run_address>
         <size>0x208</size>
         <input_file_ref idref="fl-e7"/>
      </object_component>
      <object_component id="oc-129">
         <name>.debug_info</name>
         <load_address>0xe4ec</load_address>
         <run_address>0xe4ec</run_address>
         <size>0x1d4</size>
         <input_file_ref idref="fl-e7"/>
      </object_component>
      <object_component id="oc-e7">
         <name>.debug_info</name>
         <load_address>0xe6c0</load_address>
         <run_address>0xe6c0</run_address>
         <size>0x1d0</size>
         <input_file_ref idref="fl-e7"/>
      </object_component>
      <object_component id="oc-135">
         <name>.debug_info</name>
         <load_address>0xe890</load_address>
         <run_address>0xe890</run_address>
         <size>0x234</size>
         <input_file_ref idref="fl-e7"/>
      </object_component>
      <object_component id="oc-13b">
         <name>.debug_info</name>
         <load_address>0xeac4</load_address>
         <run_address>0xeac4</run_address>
         <size>0x226</size>
         <input_file_ref idref="fl-e7"/>
      </object_component>
      <object_component id="oc-db">
         <name>.debug_info</name>
         <load_address>0xecea</load_address>
         <run_address>0xecea</run_address>
         <size>0x242</size>
         <input_file_ref idref="fl-e7"/>
      </object_component>
      <object_component id="oc-e1">
         <name>.debug_info</name>
         <load_address>0xef2c</load_address>
         <run_address>0xef2c</run_address>
         <size>0x224</size>
         <input_file_ref idref="fl-e7"/>
      </object_component>
      <object_component id="oc-11d">
         <name>.debug_info</name>
         <load_address>0xf150</load_address>
         <run_address>0xf150</run_address>
         <size>0x1a7</size>
         <input_file_ref idref="fl-e7"/>
      </object_component>
      <object_component id="oc-12f">
         <name>.debug_info</name>
         <load_address>0xf2f7</load_address>
         <run_address>0xf2f7</run_address>
         <size>0x1a9</size>
         <input_file_ref idref="fl-e7"/>
      </object_component>
      <object_component id="oc-117">
         <name>.debug_info</name>
         <load_address>0xf4a0</load_address>
         <run_address>0xf4a0</run_address>
         <size>0x2b3</size>
         <input_file_ref idref="fl-e7"/>
      </object_component>
      <object_component id="oc-1a1">
         <name>.debug_info</name>
         <load_address>0xf753</load_address>
         <run_address>0xf753</run_address>
         <size>0x286</size>
         <input_file_ref idref="fl-e8"/>
      </object_component>
      <object_component id="oc-252">
         <name>.debug_info</name>
         <load_address>0xf9d9</load_address>
         <run_address>0xf9d9</run_address>
         <size>0x1a8</size>
         <input_file_ref idref="fl-e8"/>
      </object_component>
      <object_component id="oc-24c">
         <name>.debug_info</name>
         <load_address>0xfb81</load_address>
         <run_address>0xfb81</run_address>
         <size>0x1aa</size>
         <input_file_ref idref="fl-e8"/>
      </object_component>
      <object_component id="oc-1ad">
         <name>.debug_info</name>
         <load_address>0xfd2b</load_address>
         <run_address>0xfd2b</run_address>
         <size>0x1b4</size>
         <input_file_ref idref="fl-e8"/>
      </object_component>
      <object_component id="oc-1b3">
         <name>.debug_info</name>
         <load_address>0xfedf</load_address>
         <run_address>0xfedf</run_address>
         <size>0x1c4</size>
         <input_file_ref idref="fl-e8"/>
      </object_component>
      <object_component id="oc-111">
         <name>.debug_info</name>
         <load_address>0x100a3</load_address>
         <run_address>0x100a3</run_address>
         <size>0x1ae</size>
         <input_file_ref idref="fl-e8"/>
      </object_component>
      <object_component id="oc-123">
         <name>.debug_info</name>
         <load_address>0x10251</load_address>
         <run_address>0x10251</run_address>
         <size>0x1d5</size>
         <input_file_ref idref="fl-e8"/>
      </object_component>
      <object_component id="oc-206">
         <name>.debug_info</name>
         <load_address>0x10426</load_address>
         <run_address>0x10426</run_address>
         <size>0x178</size>
         <input_file_ref idref="fl-ea"/>
      </object_component>
      <object_component id="oc-379">
         <name>.debug_info</name>
         <load_address>0x1059e</load_address>
         <run_address>0x1059e</run_address>
         <size>0xa8</size>
      </object_component>
      <object_component id="oc-28a">
         <name>.debug_line</name>
         <load_address>0x0</load_address>
         <run_address>0x0</run_address>
         <size>0x190</size>
         <input_file_ref idref="fl-2"/>
      </object_component>
      <object_component id="oc-229">
         <name>.debug_line</name>
         <load_address>0x190</load_address>
         <run_address>0x190</run_address>
         <size>0x2d</size>
         <input_file_ref idref="fl-2"/>
      </object_component>
      <object_component id="oc-241">
         <name>.debug_line</name>
         <load_address>0x1bd</load_address>
         <run_address>0x1bd</run_address>
         <size>0x2d</size>
         <input_file_ref idref="fl-2"/>
      </object_component>
      <object_component id="oc-22c">
         <name>.debug_line</name>
         <load_address>0x1ea</load_address>
         <run_address>0x1ea</run_address>
         <size>0x2d</size>
         <input_file_ref idref="fl-2"/>
      </object_component>
      <object_component id="oc-b0">
         <name>.debug_line</name>
         <load_address>0x217</load_address>
         <run_address>0x217</run_address>
         <size>0x101</size>
         <input_file_ref idref="fl-2"/>
      </object_component>
      <object_component id="oc-2a0">
         <name>.debug_line</name>
         <load_address>0x318</load_address>
         <run_address>0x318</run_address>
         <size>0x55</size>
         <input_file_ref idref="fl-2"/>
      </object_component>
      <object_component id="oc-87">
         <name>.debug_line</name>
         <load_address>0x36d</load_address>
         <run_address>0x36d</run_address>
         <size>0x20</size>
         <input_file_ref idref="fl-2"/>
      </object_component>
      <object_component id="oc-19a">
         <name>.debug_line</name>
         <load_address>0x38d</load_address>
         <run_address>0x38d</run_address>
         <size>0x53</size>
         <input_file_ref idref="fl-2"/>
      </object_component>
      <object_component id="oc-97">
         <name>.debug_line</name>
         <load_address>0x3e0</load_address>
         <run_address>0x3e0</run_address>
         <size>0x5f</size>
         <input_file_ref idref="fl-2"/>
      </object_component>
      <object_component id="oc-160">
         <name>.debug_line</name>
         <load_address>0x43f</load_address>
         <run_address>0x43f</run_address>
         <size>0x4d</size>
         <input_file_ref idref="fl-3"/>
      </object_component>
      <object_component id="oc-83">
         <name>.debug_line</name>
         <load_address>0x48c</load_address>
         <run_address>0x48c</run_address>
         <size>0x61</size>
         <input_file_ref idref="fl-4"/>
      </object_component>
      <object_component id="oc-34">
         <name>.debug_line</name>
         <load_address>0x4ed</load_address>
         <run_address>0x4ed</run_address>
         <size>0x61</size>
         <input_file_ref idref="fl-4"/>
      </object_component>
      <object_component id="oc-2f">
         <name>.debug_line</name>
         <load_address>0x54e</load_address>
         <run_address>0x54e</run_address>
         <size>0xd9</size>
         <input_file_ref idref="fl-4"/>
      </object_component>
      <object_component id="oc-277">
         <name>.debug_line</name>
         <load_address>0x627</load_address>
         <run_address>0x627</run_address>
         <size>0x146</size>
         <input_file_ref idref="fl-5"/>
      </object_component>
      <object_component id="oc-275">
         <name>.debug_line</name>
         <load_address>0x76d</load_address>
         <run_address>0x76d</run_address>
         <size>0x5d</size>
         <input_file_ref idref="fl-5"/>
      </object_component>
      <object_component id="oc-f4">
         <name>.debug_line</name>
         <load_address>0x7ca</load_address>
         <run_address>0x7ca</run_address>
         <size>0x1d7</size>
         <input_file_ref idref="fl-5"/>
      </object_component>
      <object_component id="oc-1d7">
         <name>.debug_line</name>
         <load_address>0x9a1</load_address>
         <run_address>0x9a1</run_address>
         <size>0x5f</size>
         <input_file_ref idref="fl-5"/>
      </object_component>
      <object_component id="oc-1d2">
         <name>.debug_line</name>
         <load_address>0xa00</load_address>
         <run_address>0xa00</run_address>
         <size>0x5f</size>
         <input_file_ref idref="fl-5"/>
      </object_component>
      <object_component id="oc-26">
         <name>.debug_line</name>
         <load_address>0xa5f</load_address>
         <run_address>0xa5f</run_address>
         <size>0x4d</size>
         <input_file_ref idref="fl-c0"/>
      </object_component>
      <object_component id="oc-90">
[...]
      <symbol id="sm-9">
         <name>__SYSMEM_SIZE</name>
         <value>0x800</value>
      </symbol>
      <symbol id="sm-a">
         <name>__c_args__</name>
         <value>0xffffffff</value>
      </symbol>
      <symbol id="sm-b">
         <name>__TI_pprof_out_hndl</name>
         <value>0xffffffff</value>
      </symbol>
      <symbol id="sm-c">
         <name>__TI_prof_data_start</name>
         <value>0xffffffff</value>
      </symbol>
      <symbol id="sm-d">
         <name>__TI_prof_data_size</name>
         <value>0xffffffff</value>
      </symbol>
      <symbol id="sm-7c">
         <name>MasterMain</name>
         <value>0x20005575</value>
         <object_component_ref idref="oc-ac"/>
      </symbol>
      <symbol id="sm-7d">
         <name>main</name>
         <value>0x200056b9</value>
         <object_component_ref idref="oc-ac"/>
      </symbol>
      <symbol id="sm-7e">
         <name>SlaveMain</name>
         <value>0x2000563b</value>
         <object_component_ref idref="oc-ac"/>
      </symbol>
      <symbol id="sm-88">
         <name>PinMuxConfig</name>
         <value>0x2000747d</value>
         <object_component_ref idref="oc-15e"/>
      </symbol>
      <symbol id="sm-a7">
         <name>ResetISR</name>
         <value>0x200078ff</value>
         <object_component_ref idref="oc-2d"/>
      </symbol>
      <symbol id="sm-a8">
         <name>g_pfnVectors</name>
         <value>0x20004000</value>
         <object_component_ref idref="oc-f"/>
      </symbol>
      <symbol id="sm-ef">
         <name>GetCmd</name>
         <value>0x20005d37</value>
         <object_component_ref idref="oc-f2"/>
      </symbol>
      <symbol id="sm-f0">
         <name>Message</name>
         <value>0x20005cd3</value>
         <object_component_ref idref="oc-f2"/>
      </symbol>
      <symbol id="sm-f1">
         <name>Report</name>
         <value>0x20005e75</value>
         <object_component_ref idref="oc-f2"/>
      </symbol>
      <symbol id="sm-f2">
         <name>Error</name>
         <value>0x20005cff</value>
         <object_component_ref idref="oc-f2"/>
      </symbol>
      <symbol id="sm-f3">
         <name>InitTerm</name>
         <value>0x20005cb5</value>
         <object_component_ref idref="oc-f2"/>
      </symbol>
      <symbol id="sm-f4">
         <name>ClearTerm</name>
         <value>0x20005cf5</value>
         <object_component_ref idref="oc-f2"/>
      </symbol>
      <symbol id="sm-f5">
         <name>TrimSpace</name>
         <value>0x20005ddd</value>
         <object_component_ref idref="oc-f2"/>
      </symbol>
      <symbol id="sm-105">
         <name>_c_int00</name>
         <value>0x20007501</value>
         <object_component_ref idref="oc-24"/>
      </symbol>
      <symbol id="sm-106">
         <name>__stack</name>
         <value>0x2002f800</value>
         <object_component_ref idref="oc-29"/>
      </symbol>
      <symbol id="sm-11d">
         <name>__TI_decompress_none</name>
         <value>0x200078f1</value>
         <object_component_ref idref="oc-12"/>
      </symbol>
      <symbol id="sm-140">
         <name>__TI_decompress_rle24</name>
         <value>0x20007925</value>
         <object_component_ref idref="oc-18"/>
      </symbol>
      <symbol id="sm-162">
         <name>C$$EXIT</name>
         <value>0x20007225</value>
         <object_component_ref idref="oc-73"/>
      </symbol>
      <symbol id="sm-163">
         <name>abort</name>
         <value>0x20007229</value>
         <object_component_ref idref="oc-73"/>
      </symbol>
      <symbol id="sm-164">
         <name>exit</name>
         <value>0x20007231</value>
         <object_component_ref idref="oc-73"/>
      </symbol>
      <symbol id="sm-165">
         <name>__TI_dtors_ptr</name>
         <value>0x20017c0c</value>
         <object_component_ref idref="oc-b4"/>
      </symbol>
      <symbol id="sm-166">
         <name>__TI_cleanup_ptr</name>
         <value>0x20017c08</value>
         <object_component_ref idref="oc-b4"/>
      </symbol>
      <symbol id="sm-167">
         <name>__TI_enable_exit_profile_output</name>
         <value>0x20017c10</value>
         <object_component_ref idref="oc-b4"/>
      </symbol>
      <symbol id="sm-182">
         <name>memcpy</name>
         <value>0x20006afd</value>
         <object_component_ref idref="oc-36"/>
      </symbol>
      <symbol id="sm-183">
         <name>__aeabi_memcpy</name>
         <value>0x20006afd</value>
         <object_component_ref idref="oc-36"/>
      </symbol>
      <symbol id="sm-184">
         <name>__aeabi_memcpy8</name>
         <value>0x20006afd</value>
         <object_component_ref idref="oc-36"/>
      </symbol>
      <symbol id="sm-185">
         <name>__aeabi_memcpy4</name>
         <value>0x20006afd</value>
         <object_component_ref idref="oc-36"/>
      </symbol>
      <symbol id="sm-195">
         <name>memmove</name>
         <value>0x20007681</value>
         <object_component_ref idref="oc-1be"/>
      </symbol>
      <symbol id="sm-209">
         <name>_sys_memory</name>
         <value>0x20017000</value>
         <object_component_ref idref="oc-2a"/>
      </symbol>
      <symbol id="sm-20a">
         <name>free</name>
         <value>0x200059cf</value>
         <object_component_ref idref="oc-1c4"/>
      </symbol>
      <symbol id="sm-20b">
         <name>realloc</name>
         <value>0x20005a91</value>
         <object_component_ref idref="oc-1c4"/>
      </symbol>
      <symbol id="sm-20c">
         <name>memalign</name>
         <value>0x20005b9d</value>
         <object_component_ref idref="oc-1c4"/>
      </symbol>
      <symbol id="sm-20d">
         <name>calloc</name>
         <value>0x20005c81</value>
         <object_component_ref idref="oc-1c4"/>
      </symbol>
      <symbol id="sm-20e">
         <name>malloc</name>
         <value>0x20005967</value>
         <object_component_ref idref="oc-1c4"/>
      </symbol>
      <symbol id="sm-20f">
         <name>minit</name>
         <value>0x200058d9</value>
         <object_component_ref idref="oc-1c4"/>
      </symbol>
      <symbol id="sm-21e">
         <name>__aeabi_memset</name>
         <value>0x20006f4f</value>
         <object_component_ref idref="oc-4f"/>
      </symbol>
      <symbol id="sm-21f">
         <name>memset</name>
         <value>0x20006f55</value>
         <object_component_ref idref="oc-4f"/>
      </symbol>
      <symbol id="sm-220">
         <name>__aeabi_memset8</name>
         <value>0x20006f4f</value>
         <object_component_ref idref="oc-4f"/>
      </symbol>
      <symbol id="sm-221">
         <name>__aeabi_memset4</name>
         <value>0x20006f4f</value>
         <object_component_ref idref="oc-4f"/>
      </symbol>
      <symbol id="sm-222">
         <name>__aeabi_memclr8</name>
         <value>0x20006f4d</value>
         <object_component_ref idref="oc-4f"/>
      </symbol>
      <symbol id="sm-223">
         <name>__aeabi_memclr4</name>
         <value>0x20006f4d</value>
         <object_component_ref idref="oc-4f"/>
      </symbol>
      <symbol id="sm-224">
         <name>__aeabi_memclr</name>
         <value>0x20006f4d</value>
         <object_component_ref idref="oc-4f"/>
      </symbol>
      <symbol id="sm-22e">
         <name>__mpu_init</name>
         <value>0x200062df</value>
         <object_component_ref idref="oc-5b"/>
      </symbol>
      <symbol id="sm-238">
         <name>_system_pre_init</name>
         <value>0x2000792b</value>
         <object_component_ref idref="oc-61"/>
      </symbol>
      <symbol id="sm-240">
         <name>main_func_sp</name>
         <value>0x20017c2c</value>
         <object_component_ref idref="oc-79"/>
      </symbol>
      <symbol id="sm-24e">
         <name>strlen</name>
         <value>0x200078dd</value>
         <object_component_ref idref="oc-1b8"/>
      </symbol>
      <symbol id="sm-26f">
         <name>vsnprintf</name>
         <value>0x20006d3d</value>
         <object_component_ref idref="oc-1a6"/>
      </symbol>
      <symbol id="sm-288">
         <name>_nop</name>
         <value>0x200078d7</value>
         <object_component_ref idref="oc-17d"/>
      </symbol>
      <symbol id="sm-289">
         <name>_lock</name>
         <value>0x20017c20</value>
         <object_component_ref idref="oc-b7"/>
      </symbol>
      <symbol id="sm-28a">
         <name>_unlock</name>
         <value>0x20017c24</value>
         <object_component_ref idref="oc-b7"/>
      </symbol>
      <symbol id="sm-28b">
         <name>_register_lock</name>
         <value>0x200078cf</value>
         <object_component_ref idref="oc-17d"/>
      </symbol>
      <symbol id="sm-28c">
         <name>_register_unlock</name>
         <value>0x200078c9</value>
         <object_component_ref idref="oc-17d"/>
      </symbol>
      <symbol id="sm-393">
         <name>__TI_printfi</name>
         <value>0x200051f7</value>
         <object_component_ref idref="oc-258"/>
      </symbol>
      <symbol id="sm-3a7">
         <name>_args_main</name>
         <value>0x20007831</value>
         <object_component_ref idref="oc-6d"/>
      </symbol>
      <symbol id="sm-3bd">
         <name>atoi</name>
         <value>0x20007311</value>
         <object_component_ref idref="oc-2ec"/>
      </symbol>
      <symbol id="sm-3e2">
         <name>__TI_auto_init</name>
         <value>0x2000703d</value>
         <object_component_ref idref="oc-67"/>
      </symbol>
      <symbol id="sm-3fc">
         <name>copy_in</name>
         <value>0x2000735d</value>
         <object_component_ref idref="oc-9e"/>
      </symbol>
      <symbol id="sm-407">
         <name>_ctypes_</name>
         <value>0x20007930</value>
         <object_component_ref idref="oc-32f"/>
      </symbol>
      <symbol id="sm-41e">
         <name>__aeabi_dsub</name>
         <value>0x20006129</value>
         <object_component_ref idref="oc-2cf"/>
      </symbol>
      <symbol id="sm-41f">
         <name>__aeabi_dadd</name>
         <value>0x20006133</value>
         <object_component_ref idref="oc-2cf"/>
      </symbol>
      <symbol id="sm-441">
         <name>__aeabi_cdcmpeq</name>
         <value>0x20006dc5</value>
         <object_component_ref idref="oc-2ab"/>
      </symbol>
      <symbol id="sm-442">
         <name>__aeabi_cdcmple</name>
         <value>0x20006dc5</value>
         <object_component_ref idref="oc-2ab"/>
      </symbol>
      <symbol id="sm-443">
         <name>__aeabi_cdrcmple</name>
         <value>0x20006e4b</value>
         <object_component_ref idref="oc-2ba"/>
      </symbol>
      <symbol id="sm-457">
         <name>__aeabi_ddiv</name>
         <value>0x20006459</value>
         <object_component_ref idref="oc-2b5"/>
      </symbol>
      <symbol id="sm-462">
         <name>__aeabi_dmul</name>
         <value>0x2000658f</value>
         <object_component_ref idref="oc-2b0"/>
      </symbol>
      <symbol id="sm-46c">
         <name>__aeabi_d2iz</name>
         <value>0x200073f1</value>
         <object_component_ref idref="oc-2bf"/>
      </symbol>
      <symbol id="sm-476">
         <name>__aeabi_i2d</name>
         <value>0x200075ad</value>
         <object_component_ref idref="oc-2ca"/>
      </symbol>
      <symbol id="sm-485">
         <name>ltoa</name>
         <value>0x200071cd</value>
         <object_component_ref idref="oc-2c4"/>
      </symbol>
      <symbol id="sm-495">
         <name>memccpy</name>
         <value>0x2000777f</value>
         <object_component_ref idref="oc-2e6"/>
      </symbol>
      <symbol id="sm-4ae">
         <name>frexpl</name>
         <value>0x20007119</value>
         <object_component_ref idref="oc-2d4"/>
      </symbol>
      <symbol id="sm-4af">
         <name>frexp</name>
         <value>0x20007119</value>
         <object_component_ref idref="oc-2d4"/>
      </symbol>
      <symbol id="sm-4cd">
         <name>scalbn</name>
         <value>0x2000675d</value>
         <object_component_ref idref="oc-2da"/>
      </symbol>
      <symbol id="sm-4ce">
         <name>scalbnl</name>
         <value>0x2000675d</value>
         <object_component_ref idref="oc-2da"/>
      </symbol>
      <symbol id="sm-4cf">
         <name>ldexpl</name>
         <value>0x2000675d</value>
         <object_component_ref idref="oc-2da"/>
      </symbol>
      <symbol id="sm-4d0">
         <name>ldexp</name>
         <value>0x2000675d</value>
         <object_component_ref idref="oc-2da"/>
      </symbol>
      <symbol id="sm-4da">
         <name>_system_post_cinit</name>
         <value>0x2000675b</value>
         <object_component_ref idref="oc-a4"/>
      </symbol>
      <symbol id="sm-4ea">
         <name>strchr</name>
         <value>0x2000788b</value>
         <object_component_ref idref="oc-2e0"/>
      </symbol>
      <symbol id="sm-506">
         <name>__aeabi_uldivmod</name>
         <value>0x20005f35</value>
         <object_component_ref idref="oc-2a6"/>
      </symbol>
      <symbol id="sm-50e">
         <name>errno</name>
         <value>0x20017c28</value>
         <object_component_ref idref="oc-326"/>
      </symbol>
      <symbol id="sm-518">
         <name>copysign</name>
         <value>0x20007917</value>
         <object_component_ref idref="oc-320"/>
      </symbol>
      <symbol id="sm-519">
         <name>copysignl</name>
         <value>0x20007917</value>
         <object_component_ref idref="oc-320"/>
      </symbol>
      <symbol id="sm-552">
         <name>IntVTableBaseSet</name>
         <value>0x200078b5</value>
         <object_component_ref idref="oc-140"/>
      </symbol>
      <symbol id="sm-553">
         <name>IntEnable</name>
         <value>0x200069b5</value>
         <object_component_ref idref="oc-14c"/>
      </symbol>
      <symbol id="sm-554">
         <name>IntRegister</name>
         <value>0x200076c9</value>
         <object_component_ref idref="oc-1fb"/>
      </symbol>
      <symbol id="sm-555">
         <name>IntMasterEnable</name>
         <value>0x2000790d</value>
         <object_component_ref idref="oc-146"/>
      </symbol>
      <symbol id="sm-58a">
         <name>PinTypeUART</name>
         <value>0x200077b5</value>
         <object_component_ref idref="oc-22d"/>
      </symbol>
      <symbol id="sm-58b">
         <name>PinConfigSet</name>
         <value>0x20006c2d</value>
         <object_component_ref idref="oc-291"/>
      </symbol>
      <symbol id="sm-58c">
         <name>PinTypeSPI</name>
         <value>0x2000779b</value>
         <object_component_ref idref="oc-233"/>
      </symbol>
      <symbol id="sm-58d">
         <name>PinModeSet</name>
         <value>0x200074c1</value>
         <object_component_ref idref="oc-28b"/>
      </symbol>
      <symbol id="sm-613">
         <name>PRCMPeripheralReset</name>
         <value>0x20007175</value>
         <object_component_ref idref="oc-16a"/>
      </symbol>
      <symbol id="sm-614">
         <name>PRCMPeripheralClkEnable</name>
         <value>0x20007541</value>
         <object_component_ref idref="oc-164"/>
      </symbol>
      <symbol id="sm-615">
         <name>PRCMPeripheralClockGet</name>
         <value>0x20006b99</value>
         <object_component_ref idref="oc-fe"/>
      </symbol>
      <symbol id="sm-616">
         <name>PRCMCC3200MCUInit</name>
         <value>0x200062e1</value>
         <object_component_ref idref="oc-152"/>
      </symbol>
      <symbol id="sm-617">
         <name>PRCMHIBRegWrite</name>
         <value>0x2000785f</value>
         <object_component_ref idref="oc-21b"/>
      </symbol>
      <symbol id="sm-618">
         <name>PRCMSysResetCauseGet</name>
         <value>0x200075dd</value>
         <object_component_ref idref="oc-20f"/>
      </symbol>
      <symbol id="sm-619">
         <name>PRCMPeripheralClkDisable</name>
         <value>0x20007635</value>
         <object_component_ref idref="oc-221"/>
      </symbol>
      <symbol id="sm-61a">
         <name>PRCMHIBRegRead</name>
         <value>0x20007849</value>
         <object_component_ref idref="oc-215"/>
      </symbol>
      <symbol id="sm-70b">
         <name>SPITransfer</name>
         <value>0x20006cb5</value>
         <object_component_ref idref="oc-116"/>
      </symbol>
      <symbol id="sm-70c">
         <name>SPICSEnable</name>
         <value>0x200077e7</value>
         <object_component_ref idref="oc-11c"/>
      </symbol>
      <symbol id="sm-70d">
         <name>SPIDataGetNonBlocking</name>
         <value>0x20007609</value>
         <object_component_ref idref="oc-ec"/>
      </symbol>
      <symbol id="sm-70e">
         <name>SPIDataPut</name>
         <value>0x20007709</value>
         <object_component_ref idref="oc-e6"/>
      </symbol>
      <symbol id="sm-70f">
         <name>SPIEnable</name>
         <value>0x200077ff</value>
         <object_component_ref idref="oc-10a"/>
      </symbol>
      <symbol id="sm-710">
         <name>SPIDataGet</name>
         <value>0x200076e9</value>
         <object_component_ref idref="oc-128"/>
      </symbol>
      <symbol id="sm-711">
         <name>SPIConfigSetExpClk</name>
         <value>0x20006a5d</value>
         <object_component_ref idref="oc-104"/>
      </symbol>
      <symbol id="sm-712">
         <name>SPIIntRegister</name>
         <value>0x20007727</value>
         <object_component_ref idref="oc-134"/>
      </symbol>
      <symbol id="sm-713">
         <name>SPIReset</name>
         <value>0x200076a5</value>
         <object_component_ref idref="oc-f8"/>
      </symbol>
      <symbol id="sm-714">
         <name>SPIIntStatus</name>
         <value>0x20006ed1</value>
         <object_component_ref idref="oc-da"/>
      </symbol>
      <symbol id="sm-715">
         <name>SPIIntEnable</name>
         <value>0x20007279</value>
         <object_component_ref idref="oc-13a"/>
      </symbol>
      <symbol id="sm-716">
         <name>SPIIntClear</name>
         <value>0x200073a9</value>
         <object_component_ref idref="oc-e0"/>
      </symbol>
      <symbol id="sm-717">
         <name>SPICSDisable</name>
         <value>0x200077cf</value>
         <object_component_ref idref="oc-12e"/>
      </symbol>
      <symbol id="sm-75c">
         <name>UARTConfigSetExpClk</name>
         <value>0x20006fc7</value>
         <object_component_ref idref="oc-1a0"/>
      </symbol>
      <symbol id="sm-75d">
         <name>UARTDisable</name>
         <value>0x2000757d</value>
         <object_component_ref idref="oc-24b"/>
      </symbol>
      <symbol id="sm-75e">
         <name>UARTCharsAvail</name>
         <value>0x20007817</value>
         <object_component_ref idref="oc-1ac"/>
      </symbol>
      <symbol id="sm-75f">
         <name>UARTCharGetNonBlocking</name>
         <value>0x20007763</value>
         <object_component_ref idref="oc-1b2"/>
      </symbol>
      <symbol id="sm-760">
         <name>UARTCharPut</name>
         <value>0x20007745</value>
         <object_component_ref idref="oc-122"/>
      </symbol>
      <symbol id="sm-761">
         <name>UARTEnable</name>
         <value>0x2000765d</value>
         <object_component_ref idref="oc-251"/>
      </symbol>
      <symbol id="sm-762">
         <name>UARTCharGet</name>
         <value>0x20007875</value>
         <object_component_ref idref="oc-110"/>
      </symbol>
      <symbol id="sm-766">
         <name>UtilsDelay</name>
         <value>0x2000791f</value>
         <object_component_ref idref="oc-285"/>
      </symbol>
      <symbol id="sm-770">
         <name>CPUcpsie</name>
         <value>0x200078a1</value>
         <object_component_ref idref="oc-204"/>
      </symbol>
      <symbol id="sm-772">
         <name>__TI_static_base__</name>
         <value>0x20007c30</value>
      </symbol>
      <symbol id="sm-775">
         <name>SHT$$INIT_ARRAY$$Limit</name>
         <value>0x0</value>
      </symbol>
      <symbol id="sm-776">
         <name>SHT$$INIT_ARRAY$$Base</name>
         <value>0x0</value>
      </symbol>
   </symbol_table>
   <title>Link successful</title>
</link_info>
