******************************************************************************
                  TI ARM Linker PC v15.12.3                    
******************************************************************************
>> Linked Wed Dec 07 11:35:30 2016

OUTPUT FILE NAME:   <MyBlink.out>
ENTRY POINT SYMBOL: "_c_int00"  address: 20004e25


MEMORY CONFIGURATION

         name            origin    length      used     unused   attr    fill
----------------------  --------  ---------  --------  --------  ----  --------
  SRAM_CODE             20004000   00012fff  0000138a  00011c75  RW X
  SRAM_DATA             20017000   00019000  0000054d  00018ab3  RW X


SEGMENT ALLOCATION MAP

run origin  load origin   length   init length attrs members
----------  ----------- ---------- ----------- ----- -------
20004000    20004000    0000138c   0000138c    r-x
  20004000    20004000    00000400   00000400    r-- .intvecs
  20004400    20004400    00000ca2   00000ca2    r-x .text
  200050a4    200050a4    00000294   00000294    r-- .const
  20005338    20005338    00000054   00000054    r-- .cinit
20017000    20017000    0000003b   00000000    rw-
  20017000    20017000    00000038   00000000    rw- .data
  20017038    20017038    00000003   00000000    rw- .bss
2002faec    2002faec    00000512   00000000    rw-
  2002faec    2002faec    00000512   00000000    rw- .stack


SECTION ALLOCATION MAP

 output                                  attributes/
section   page    origin      length       input sections
--------  ----  ----------  ----------   ----------------
.intvecs   0    20004000    00000400     
                  20004000    00000400     startup_ccs.obj (.intvecs)

.init_array 
*          0    20004000    00000000     UNINITIALIZED

.text      0    20004400    00000ca2     
                  20004400    0000025c     gpio_if.obj (.text)
                  2000465c    00000178     driverlib.a : prcm.obj (.text:PRCMCC3200MCUInit)
                  200047d4    000000a8                 : interrupt.obj (.text:IntEnable)
                  2000487c    0000009c     rtsv7M4_T_le_eabi.lib : memcpy_t2.obj (.text)
                  20004918    00000088     driverlib.a : pin.obj (.text:PinConfigSet)
                  200049a0    00000088     main.obj (.text)
                  20004a28    00000082     driverlib.a : gpio.obj (.text:GPIOIntTypeSet)
                  20004aaa    0000007a     rtsv7M4_T_le_eabi.lib : memset_t2.obj (.text)
                  20004b24    00000070                           : autoinit.obj (.text)
                  20004b94    0000006a                           : copy_decompress_rle.obj (.text)
                  20004bfe    00000002                           : mpu_init.obj (.text)
                  20004c00    00000058     driverlib.a : prcm.obj (.text:PRCMPeripheralReset)
                  20004c58    00000054                 : interrupt.obj (.text:IntPrioritySet)
                  20004cac    00000054     rtsv7M4_T_le_eabi.lib : exit.obj (.text)
                  20004d00    00000050     pinmux.obj (.text)
                  20004d50    0000004c     rtsv7M4_T_le_eabi.lib : cpy_tbl.obj (.text)
                  20004d9c    00000048     driverlib.a : gpio.obj (.text:GPIOGetIntNumber)
                  20004de4    00000040                 : pin.obj (.text:PinModeSet)
                  20004e24    00000040     rtsv7M4_T_le_eabi.lib : boot.obj (.text)
                  20004e64    0000003c     driverlib.a : prcm.obj (.text:PRCMPeripheralClkEnable)
                  20004ea0    00000036                 : gpio.obj (.text:GPIODirModeSet)
                  20004ed6    00000030                 : pin.obj (.text:PinTypeGPIO)
                  20004f06    00000002     rtsv7M4_T_le_eabi.lib : startup.obj (.text)
                  20004f08    0000002c     driverlib.a : prcm.obj (.text:PRCMSysResetCauseGet)
                  20004f34    00000028                 : prcm.obj (.text:PRCMPeripheralClkDisable)
                  20004f5c    00000020                 : gpio.obj (.text:GPIOPinWrite)
                  20004f7c    00000020                 : interrupt.obj (.text:IntRegister)
                  20004f9c    0000001e                 : gpio.obj (.text:GPIOIntRegister)
                  20004fba    0000001a                 : gpio.obj (.text:GPIOIntEnable)
                  20004fd4    00000018                 : gpio.obj (.text:GPIOPinRead)
                  20004fec    00000018     rtsv7M4_T_le_eabi.lib : args_main.obj (.text)
                  20005004    00000016     driverlib.a : prcm.obj (.text:PRCMHIBRegRead)
                  2000501a    00000016                 : prcm.obj (.text:PRCMHIBRegWrite)
                  20005030    00000014                 : cpu.obj (.text:CPUcpsie)
                  20005044    00000014                 : gpio.obj (.text:GPIOIntClear)
                  20005058    00000014     rtsv7M4_T_le_eabi.lib : _lock.obj (.text)
                  2000506c    0000000e                           : copy_decompress_none.obj (.text:decompress:none)
                  2000507a    0000000e     startup_ccs.obj (.text)
                  20005088    0000000a     driverlib.a : interrupt.obj (.text:IntMasterEnable)
                  20005092    00000006                 : utils.obj (.text:UtilsDelay)
                  20005098    00000006     rtsv7M4_T_le_eabi.lib : copy_decompress_rle.obj (.text:decompress:rle24)
                  2000509e    00000004                           : pre_init.obj (.text)

.const     0    200050a4    00000294     
                  200050a4    00000100     driverlib.a : pin.obj (.const:g_ulPinToPadMap)
                  200051a4    000000d4                 : interrupt.obj (.const:g_pulRegs)
                  20005278    000000a8                 : prcm.obj (.const:PRCM_PeriphRegsList)
                  20005320    00000018                 : interrupt.obj (.const:g_pulEnRegs)

.cinit     0    20005338    00000054     
                  20005338    0000002c     (.cinit..data.load) [load image, compression = rle]
                  20005364    00000004     --HOLE-- [fill = 0]
                  20005368    00000009     (.cinit..bss.load) [load image, compression = rle]
                  20005371    00000003     --HOLE-- [fill = 0]
                  20005374    00000008     (__TI_handler_table)
                  2000537c    00000010     (__TI_cinit_table)

.data      0    20017000    00000038     UNINITIALIZED
                  20017000    00000014     gpio_if.obj (.data:ulReg)
                  20017014    0000000c     rtsv7M4_T_le_eabi.lib : exit.obj (.data:$O1$$)
                  20017020    0000000c     gpio_if.obj (.data)
                  2001702c    00000008     rtsv7M4_T_le_eabi.lib : _lock.obj (.data:$O1$$)
                  20017034    00000004                           : stkdepth_vars.obj (.data)

.bss       0    20017038    00000003     UNINITIALIZED
                  20017038    00000001     (.common:g_ucLED1Pin)
                  20017039    00000001     (.common:g_ucLED2Pin)
                  2001703a    00000001     (.common:g_ucLED3Pin)

.stack     0    2002faec    00000512     UNINITIALIZED
                  2002faec    00000512     --HOLE--

MODULE SUMMARY

       Module                     code   ro data   rw data
       ------                     ----   -------   -------
    .\source\
       startup_ccs.obj            14     1024      0      
       gpio_if.obj                604    0         35     
       main.obj                   136    0         0      
       pinmux.obj                 80     0         0      
    +--+--------------------------+------+---------+---------+
       Total:                     834    1024      35     
                                                          
    C:\ti\ccsv6\tools\compiler\arm_15.12.3.LTS\lib\rtsv7M4_T_le_eabi.lib
       memcpy_t2.obj              156    0         0      
       memset_t2.obj              122    0         0      
       autoinit.obj               112    0         0      
       copy_decompress_rle.obj    112    0         0      
       exit.obj                   84     0         12     
       cpy_tbl.obj                76     0         0      
       boot.obj                   64     0         0      
       _lock.obj                  20     0         8      
       args_main.obj              24     0         0      
       copy_decompress_none.obj   14     0         0      
       pre_init.obj               4      0         0      
       stkdepth_vars.obj          0      0         4      
       mpu_init.obj               2      0         0      
       startup.obj                2      0         0      
    +--+--------------------------+------+---------+---------+
       Total:                     792    0         24     
                                                          
    H:/Data2/Gluevity/Technical/TIWorkspace/TIMiddlewareFiles/driverlib/ccs/Release/driverlib.a
       prcm.obj                   652    168       0      
       interrupt.obj              294    236       0      
       pin.obj                    248    256       0      
       gpio.obj                   388    0         0      
       cpu.obj                    20     0         0      
       utils.obj                  6      0         0      
    +--+--------------------------+------+---------+---------+
       Total:                     1608   660       0      
                                                          
       Stack:                     0      0         1298   
       Linker Generated:          0      77        0      
    +--+--------------------------+------+---------+---------+
       Grand Total:               3234   1761      1357   


LINKER GENERATED COPY TABLES

__TI_cinit_table @ 2000537c records: 2, size/record: 8, table size: 16
	.data: load addr=20005338, load size=0000002c bytes, run addr=20017000, run size=00000038 bytes, compression=rle
	.bss: load addr=20005368, load size=00000009 bytes, run addr=20017038, run size=00000003 bytes, compression=rle


LINKER GENERATED HANDLER TABLE

__TI_handler_table @ 20005374 records: 2, size/record: 4, table size: 8
	index: 0, handler: __TI_decompress_rle24
	index: 1, handler: __TI_decompress_none


GLOBAL SYMBOLS: SORTED ALPHABETICALLY BY Name 

address   name                           
-------   ----                           
20004cad  C$$EXIT                        
20005031  CPUcpsie                       
20004ea1  GPIODirModeSet                 
20005045  GPIOIntClear                   
20004fbb  GPIOIntEnable                  
20004f9d  GPIOIntRegister                
20004a29  GPIOIntTypeSet                 
20004fd5  GPIOPinRead                    
20004f5d  GPIOPinWrite                   
20004609  GPIO_IF_ConfigureNIntEnable    
20004417  GPIO_IF_Get                    
2000459b  GPIO_IF_GetPortNPin            
200045b9  GPIO_IF_LedConfigure           
200044f5  GPIO_IF_LedOff                 
20004471  GPIO_IF_LedOn                  
2000442f  GPIO_IF_LedStatus              
2000457f  GPIO_IF_LedToggle              
20004401  GPIO_IF_Set                    
200047d5  IntEnable                      
20005089  IntMasterEnable                
20004c59  IntPrioritySet                 
20004f7d  IntRegister                    
200049b3  LEDBlinkyRoutine               
2000465d  PRCMCC3200MCUInit              
20005005  PRCMHIBRegRead                 
2000501b  PRCMHIBRegWrite                
20004f35  PRCMPeripheralClkDisable       
20004e65  PRCMPeripheralClkEnable        
20004c01  PRCMPeripheralReset            
20004f09  PRCMSysResetCauseGet           
20004919  PinConfigSet                   
20004de5  PinModeSet                     
20004d01  PinMuxConfig                   
20004ed7  PinTypeGPIO                    
2000507b  ResetISR                       
UNDEFED   SHT$$INIT_ARRAY$$Base          
UNDEFED   SHT$$INIT_ARRAY$$Limit         
20005093  UtilsDelay                     
2002fffe  __STACK_END                    
00000512  __STACK_SIZE                   
2000537c  __TI_CINIT_Base                
2000538c  __TI_CINIT_Limit               
20005374  __TI_Handler_Table_Base        
2000537c  __TI_Handler_Table_Limit       
20004b25  __TI_auto_init                 
20017014  __TI_cleanup_ptr               
2000506d  __TI_decompress_none           
20005099  __TI_decompress_rle24          
20017018  __TI_dtors_ptr                 
2001701c  __TI_enable_exit_profile_output
ffffffff  __TI_pprof_out_hndl            
ffffffff  __TI_prof_data_size            
ffffffff  __TI_prof_data_start           
20005338  __TI_static_base__             
20004aab  __aeabi_memclr                 
20004aab  __aeabi_memclr4                
20004aab  __aeabi_memclr8                
2000487d  __aeabi_memcpy                 
2000487d  __aeabi_memcpy4                
2000487d  __aeabi_memcpy8                
20004aad  __aeabi_memset                 
20004aad  __aeabi_memset4                
20004aad  __aeabi_memset8                
ffffffff  __binit__                      
ffffffff  __c_args__                     
20004bff  __mpu_init                     
2002faec  __stack                        
20004fed  _args_main                     
20004e25  _c_int00                       
2001702c  _lock                          
20005067  _nop                           
2000505f  _register_lock                 
20005059  _register_unlock               
20004f07  _system_post_cinit             
2000509f  _system_pre_init               
20017030  _unlock                        
20004cb1  abort                          
ffffffff  binit                          
20004d51  copy_in                        
20004cb9  exit                           
20004000  g_pfnVectors                   
20017038  g_ucLED1Pin                    
20017039  g_ucLED2Pin                    
2001703a  g_ucLED3Pin                    
20017020  g_uiLED1Port                   
20017024  g_uiLED2Port                   
20017028  g_uiLED3Port                   
20004a07  main                           
20017034  main_func_sp                   
2000487d  memcpy                         
20004ab3  memset                         


GLOBAL SYMBOLS: SORTED BY Symbol Address 

address   name                           
-------   ----                           
00000512  __STACK_SIZE                   
20004000  g_pfnVectors                   
20004401  GPIO_IF_Set                    
20004417  GPIO_IF_Get                    
2000442f  GPIO_IF_LedStatus              
20004471  GPIO_IF_LedOn                  
200044f5  GPIO_IF_LedOff                 
2000457f  GPIO_IF_LedToggle              
2000459b  GPIO_IF_GetPortNPin            
200045b9  GPIO_IF_LedConfigure           
20004609  GPIO_IF_ConfigureNIntEnable    
2000465d  PRCMCC3200MCUInit              
200047d5  IntEnable                      
2000487d  __aeabi_memcpy                 
2000487d  __aeabi_memcpy4                
2000487d  __aeabi_memcpy8                
2000487d  memcpy                         
20004919  PinConfigSet                   
200049b3  LEDBlinkyRoutine               
20004a07  main                           
20004a29  GPIOIntTypeSet                 
20004aab  __aeabi_memclr                 
20004aab  __aeabi_memclr4                
20004aab  __aeabi_memclr8                
20004aad  __aeabi_memset                 
20004aad  __aeabi_memset4                
20004aad  __aeabi_memset8                
20004ab3  memset                         
20004b25  __TI_auto_init                 
20004bff  __mpu_init                     
20004c01  PRCMPeripheralReset            
20004c59  IntPrioritySet                 
20004cad  C$$EXIT                        
20004cb1  abort                          
20004cb9  exit                           
20004d01  PinMuxConfig                   
20004d51  copy_in                        
20004de5  PinModeSet                     
20004e25  _c_int00                       
20004e65  PRCMPeripheralClkEnable        
20004ea1  GPIODirModeSet                 
20004ed7  PinTypeGPIO                    
20004f07  _system_post_cinit             
20004f09  PRCMSysResetCauseGet           
20004f35  PRCMPeripheralClkDisable       
20004f5d  GPIOPinWrite                   
20004f7d  IntRegister                    
20004f9d  GPIOIntRegister                
20004fbb  GPIOIntEnable                  
20004fd5  GPIOPinRead                    
20004fed  _args_main                     
20005005  PRCMHIBRegRead                 
2000501b  PRCMHIBRegWrite                
20005031  CPUcpsie                       
20005045  GPIOIntClear                   
20005059  _register_unlock               
2000505f  _register_lock                 
20005067  _nop                           
2000506d  __TI_decompress_none           
2000507b  ResetISR                       
20005089  IntMasterEnable                
20005093  UtilsDelay                     
20005099  __TI_decompress_rle24          
2000509f  _system_pre_init               
20005338  __TI_static_base__             
20005374  __TI_Handler_Table_Base        
2000537c  __TI_CINIT_Base                
2000537c  __TI_Handler_Table_Limit       
2000538c  __TI_CINIT_Limit               
20017014  __TI_cleanup_ptr               
20017018  __TI_dtors_ptr                 
2001701c  __TI_enable_exit_profile_output
20017020  g_uiLED1Port                   
20017024  g_uiLED2Port                   
20017028  g_uiLED3Port                   
2001702c  _lock                          
20017030  _unlock                        
20017034  main_func_sp                   
20017038  g_ucLED1Pin                    
20017039  g_ucLED2Pin                    
2001703a  g_ucLED3Pin                    
2002faec  __stack                        
2002fffe  __STACK_END                    
ffffffff  __TI_pprof_out_hndl            
ffffffff  __TI_prof_data_size            
ffffffff  __TI_prof_data_start           
ffffffff  __binit__                      
ffffffff  __c_args__                     
ffffffff  binit                          
UNDEFED   SHT$$INIT_ARRAY$$Base          
UNDEFED   SHT$$INIT_ARRAY$$Limit         

[91 symbols]
