******************************************************************************
                  TI ARM Linker PC v15.12.3                    
******************************************************************************
>> Linked Tue Dec 06 15:03:58 2016

OUTPUT FILE NAME:   <blinky.out>
ENTRY POINT SYMBOL: "_c_int00"  address: 20004f8d


MEMORY CONFIGURATION

         name            origin    length      used     unused   attr    fill
----------------------  --------  ---------  --------  --------  ----  --------
  SRAM_CODE             20004000   00019000  00001506  00017afa  RW X
  SRAM_DATA             2001d000   00023000  0000083b  000227c5  RW X


SEGMENT ALLOCATION MAP

run origin  load origin   length   init length attrs members
----------  ----------- ---------- ----------- ----- -------
20004000    20004000    0000150c   0000150c    r-x
  20004000    20004000    00000400   00000400    r-- .intvecs
  20004400    20004400    00000e1e   00000e1e    r-x .text
  20005220    20005220    00000294   00000294    r-- .const
  200054b8    200054b8    00000054   00000054    r-- .cinit
2001d000    2001d000    0000003b   00000000    rw-
  2001d000    2001d000    00000038   00000000    rw- .data
  2001d038    2001d038    00000003   00000000    rw- .bss
2003f800    2003f800    00000800   00000000    rw-
  2003f800    2003f800    00000800   00000000    rw- .stack


SECTION ALLOCATION MAP

 output                                  attributes/
section   page    origin      length       input sections
--------  ----  ----------  ----------   ----------------
.intvecs   0    20004000    00000400     
                  20004000    00000400     startup_ccs.obj (.intvecs)

.init_array 
*          0    20004000    00000000     UNINITIALIZED

.text      0    20004400    00000e1e     
                  20004400    0000039c     gpio_if.obj (.text)
                  2000479c    00000178     driverlib.a : prcm.obj (.text:PRCMCC3200MCUInit)
                  20004914    000000b4     main.obj (.text)
                  200049c8    000000a8     driverlib.a : interrupt.obj (.text:IntEnable)
                  20004a70    0000009c     rtsv7M4_T_le_eabi.lib : memcpy_t2.obj (.text)
                  20004b0c    00000088     driverlib.a : pin.obj (.text:PinConfigSet)
                  20004b94    00000082                 : gpio.obj (.text:GPIOIntTypeSet)
                  20004c16    0000007a     rtsv7M4_T_le_eabi.lib : memset_t2.obj (.text)
                  20004c90    00000070                           : autoinit.obj (.text)
                  20004d00    0000006a                           : copy_decompress_rle.obj (.text)
                  20004d6a    00000002                           : mpu_init.obj (.text)
                  20004d6c    00000058     driverlib.a : prcm.obj (.text:PRCMPeripheralReset)
                  20004dc4    00000054                 : interrupt.obj (.text:IntPrioritySet)
                  20004e18    00000054     rtsv7M4_T_le_eabi.lib : exit.obj (.text)
                  20004e6c    0000004c     pinmux.obj (.text)
                  20004eb8    0000004c     rtsv7M4_T_le_eabi.lib : cpy_tbl.obj (.text)
                  20004f04    00000048     driverlib.a : gpio.obj (.text:GPIOGetIntNumber)
                  20004f4c    00000040                 : pin.obj (.text:PinModeSet)
                  20004f8c    00000040     rtsv7M4_T_le_eabi.lib : boot.obj (.text)
                  20004fcc    0000003c     driverlib.a : prcm.obj (.text:PRCMPeripheralClkEnable)
                  20005008    00000036                 : gpio.obj (.text:GPIODirModeSet)
                  2000503e    00000030                 : pin.obj (.text:PinTypeGPIO)
                  2000506e    00000002     rtsv7M4_T_le_eabi.lib : startup.obj (.text)
                  20005070    0000002c     driverlib.a : prcm.obj (.text:PRCMSysResetCauseGet)
                  2000509c    00000028                 : prcm.obj (.text:PRCMPeripheralClkDisable)
                  200050c4    00000020                 : gpio.obj (.text:GPIOPinWrite)
                  200050e4    00000020                 : interrupt.obj (.text:IntRegister)
                  20005104    0000001e                 : gpio.obj (.text:GPIOIntRegister)
                  20005122    0000001a                 : gpio.obj (.text:GPIOIntEnable)
                  2000513c    00000018                 : gpio.obj (.text:GPIOPinRead)
                  20005154    00000018     rtsv7M4_T_le_eabi.lib : args_main.obj (.text)
                  2000516c    00000016     driverlib.a : prcm.obj (.text:PRCMHIBRegRead)
                  20005182    00000016                 : prcm.obj (.text:PRCMHIBRegWrite)
                  20005198    00000014                 : cpu.obj (.text:CPUcpsie)
                  200051ac    00000014                 : gpio.obj (.text:GPIOIntClear)
                  200051c0    00000014                 : interrupt.obj (.text:IntVTableBaseSet)
                  200051d4    00000014     rtsv7M4_T_le_eabi.lib : _lock.obj (.text)
                  200051e8    0000000e                           : copy_decompress_none.obj (.text:decompress:none)
                  200051f6    0000000e     startup_ccs.obj (.text)
                  20005204    0000000a     driverlib.a : interrupt.obj (.text:IntMasterEnable)
                  2000520e    00000006                 : utils.obj (.text:UtilsDelay)
                  20005214    00000006     rtsv7M4_T_le_eabi.lib : copy_decompress_rle.obj (.text:decompress:rle24)
                  2000521a    00000004                           : pre_init.obj (.text)

.const     0    20005220    00000294     
                  20005220    00000100     driverlib.a : pin.obj (.const:g_ulPinToPadMap)
                  20005320    000000d4                 : interrupt.obj (.const:g_pulRegs)
                  200053f4    000000a8                 : prcm.obj (.const:PRCM_PeriphRegsList)
                  2000549c    00000018                 : interrupt.obj (.const:g_pulEnRegs)

.cinit     0    200054b8    00000054     
                  200054b8    0000002c     (.cinit..data.load) [load image, compression = rle]
                  200054e4    00000004     --HOLE-- [fill = 0]
                  200054e8    00000009     (.cinit..bss.load) [load image, compression = rle]
                  200054f1    00000003     --HOLE-- [fill = 0]
                  200054f4    00000008     (__TI_handler_table)
                  200054fc    00000010     (__TI_cinit_table)

.data      0    2001d000    00000038     UNINITIALIZED
                  2001d000    00000014     gpio_if.obj (.data:ulReg)
                  2001d014    0000000c     rtsv7M4_T_le_eabi.lib : exit.obj (.data:$O1$$)
                  2001d020    0000000c     gpio_if.obj (.data)
                  2001d02c    00000008     rtsv7M4_T_le_eabi.lib : _lock.obj (.data:$O1$$)
                  2001d034    00000004                           : stkdepth_vars.obj (.data)

.bss       0    2001d038    00000003     UNINITIALIZED
                  2001d038    00000001     (.common:g_ucLED1Pin)
                  2001d039    00000001     (.common:g_ucLED2Pin)
                  2001d03a    00000001     (.common:g_ucLED3Pin)

.stack     0    2003f800    00000800     UNINITIALIZED
                  2003f800    00000800     --HOLE--

MODULE SUMMARY

       Module                     code   ro data   rw data
       ------                     ----   -------   -------
    .\
       startup_ccs.obj            14     1024      0      
       gpio_if.obj                924    0         35     
       main.obj                   180    0         0      
       pinmux.obj                 76     0         0      
    +--+--------------------------+------+---------+---------+
       Total:                     1194   1024      35     
                                                          
    C:/ti/CC3200SDK_1.2.0/cc3200-sdk/driverlib/ccs/Release/driverlib.a
       prcm.obj                   652    168       0      
       interrupt.obj              314    236       0      
       pin.obj                    248    256       0      
       gpio.obj                   388    0         0      
       cpu.obj                    20     0         0      
       utils.obj                  6      0         0      
    +--+--------------------------+------+---------+---------+
       Total:                     1628   660       0      
                                                          
    C:\ti\ccsv6\tools\compiler\arm_15.12.3.LTS\lib\rtsv7M4_T_le_eabi.lib
       memcpy_t2.obj              156    0         0      
       memset_t2.obj              122    0         0      
       autoinit.obj               112    0         0      
       copy_decompress_rle.obj    112    0         0      
       exit.obj                   84     0         12     
       cpy_tbl.obj                76     0         0      
       boot.obj                   64     0         0      
       _lock.obj                  20     0         8      
       args_main.obj              24     0         0      
       copy_decompress_none.obj   14     0         0      
       pre_init.obj               4      0         0      
       stkdepth_vars.obj          0      0         4      
       mpu_init.obj               2      0         0      
       startup.obj                2      0         0      
    +--+--------------------------+------+---------+---------+
       Total:                     792    0         24     
                                                          
       Stack:                     0      0         2048   
       Linker Generated:          0      77        0      
    +--+--------------------------+------+---------+---------+
       Grand Total:               3614   1761      2107   


LINKER GENERATED COPY TABLES

__TI_cinit_table @ 200054fc records: 2, size/record: 8, table size: 16
	.data: load addr=200054b8, load size=0000002c bytes, run addr=2001d000, run size=00000038 bytes, compression=rle
	.bss: load addr=200054e8, load size=00000009 bytes, run addr=2001d038, run size=00000003 bytes, compression=rle


LINKER GENERATED HANDLER TABLE

__TI_handler_table @ 200054f4 records: 2, size/record: 4, table size: 8
	index: 0, handler: __TI_decompress_rle24
	index: 1, handler: __TI_decompress_none


GLOBAL SYMBOLS: SORTED ALPHABETICALLY BY Name 

address   name                           
-------   ----                           
20004e19  C$$EXIT                        
20005199  CPUcpsie                       
20005009  GPIODirModeSet                 
200051ad  GPIOIntClear                   
20005123  GPIOIntEnable                  
20005105  GPIOIntRegister                
20004b95  GPIOIntTypeSet                 
2000513d  GPIOPinRead                    
200050c5  GPIOPinWrite                   
200046c1  GPIO_IF_ConfigureNIntEnable    
2000474d  GPIO_IF_Get                    
2000467b  GPIO_IF_GetPortNPin            
2000443d  GPIO_IF_LedConfigure           
2000452f  GPIO_IF_LedOff                 
2000447b  GPIO_IF_LedOn                  
200045e3  GPIO_IF_LedStatus              
2000464d  GPIO_IF_LedToggle              
20004709  GPIO_IF_Set                    
200049c9  IntEnable                      
20005205  IntMasterEnable                
20004dc5  IntPrioritySet                 
200050e5  IntRegister                    
200051c1  IntVTableBaseSet               
20004915  LEDBlinkyRoutine               
2000479d  PRCMCC3200MCUInit              
2000516d  PRCMHIBRegRead                 
20005183  PRCMHIBRegWrite                
2000509d  PRCMPeripheralClkDisable       
20004fcd  PRCMPeripheralClkEnable        
20004d6d  PRCMPeripheralReset            
20005071  PRCMSysResetCauseGet           
20004b0d  PinConfigSet                   
20004f4d  PinModeSet                     
20004e6d  PinMuxConfig                   
2000503f  PinTypeGPIO                    
200051f7  ResetISR                       
UNDEFED   SHT$$INIT_ARRAY$$Base          
UNDEFED   SHT$$INIT_ARRAY$$Limit         
2000520f  UtilsDelay                     
20040000  __STACK_END                    
00000800  __STACK_SIZE                   
200054fc  __TI_CINIT_Base                
2000550c  __TI_CINIT_Limit               
200054f4  __TI_Handler_Table_Base        
200054fc  __TI_Handler_Table_Limit       
20004c91  __TI_auto_init                 
2001d014  __TI_cleanup_ptr               
200051e9  __TI_decompress_none           
20005215  __TI_decompress_rle24          
2001d018  __TI_dtors_ptr                 
2001d01c  __TI_enable_exit_profile_output
ffffffff  __TI_pprof_out_hndl            
ffffffff  __TI_prof_data_size            
ffffffff  __TI_prof_data_start           
200054b8  __TI_static_base__             
20004c17  __aeabi_memclr                 
20004c17  __aeabi_memclr4                
20004c17  __aeabi_memclr8                
20004a71  __aeabi_memcpy                 
20004a71  __aeabi_memcpy4                
20004a71  __aeabi_memcpy8                
20004c19  __aeabi_memset                 
20004c19  __aeabi_memset4                
20004c19  __aeabi_memset8                
ffffffff  __binit__                      
ffffffff  __c_args__                     
20004d6b  __mpu_init                     
2003f800  __stack                        
20005155  _args_main                     
20004f8d  _c_int00                       
2001d02c  _lock                          
200051e3  _nop                           
200051db  _register_lock                 
200051d5  _register_unlock               
2000506f  _system_post_cinit             
2000521b  _system_pre_init               
2001d030  _unlock                        
20004e1d  abort                          
ffffffff  binit                          
20004eb9  copy_in                        
20004e25  exit                           
20004000  g_pfnVectors                   
2001d038  g_ucLED1Pin                    
2001d039  g_ucLED2Pin                    
2001d03a  g_ucLED3Pin                    
2001d020  g_uiLED1Port                   
2001d024  g_uiLED2Port                   
2001d028  g_uiLED3Port                   
200049a3  main                           
2001d034  main_func_sp                   
20004a71  memcpy                         
20004c1f  memset                         


GLOBAL SYMBOLS: SORTED BY Symbol Address 

address   name                           
-------   ----                           
00000800  __STACK_SIZE                   
20004000  g_pfnVectors                   
2000443d  GPIO_IF_LedConfigure           
2000447b  GPIO_IF_LedOn                  
2000452f  GPIO_IF_LedOff                 
200045e3  GPIO_IF_LedStatus              
2000464d  GPIO_IF_LedToggle              
2000467b  GPIO_IF_GetPortNPin            
200046c1  GPIO_IF_ConfigureNIntEnable    
20004709  GPIO_IF_Set                    
2000474d  GPIO_IF_Get                    
2000479d  PRCMCC3200MCUInit              
20004915  LEDBlinkyRoutine               
200049a3  main                           
200049c9  IntEnable                      
20004a71  __aeabi_memcpy                 
20004a71  __aeabi_memcpy4                
20004a71  __aeabi_memcpy8                
20004a71  memcpy                         
20004b0d  PinConfigSet                   
20004b95  GPIOIntTypeSet                 
20004c17  __aeabi_memclr                 
20004c17  __aeabi_memclr4                
20004c17  __aeabi_memclr8                
20004c19  __aeabi_memset                 
20004c19  __aeabi_memset4                
20004c19  __aeabi_memset8                
20004c1f  memset                         
20004c91  __TI_auto_init                 
20004d6b  __mpu_init                     
20004d6d  PRCMPeripheralReset            
20004dc5  IntPrioritySet                 
20004e19  C$$EXIT                        
20004e1d  abort                          
20004e25  exit                           
20004e6d  PinMuxConfig                   
20004eb9  copy_in                        
20004f4d  PinModeSet                     
20004f8d  _c_int00                       
20004fcd  PRCMPeripheralClkEnable        
20005009  GPIODirModeSet                 
2000503f  PinTypeGPIO                    
2000506f  _system_post_cinit             
20005071  PRCMSysResetCauseGet           
2000509d  PRCMPeripheralClkDisable       
200050c5  GPIOPinWrite                   
200050e5  IntRegister                    
20005105  GPIOIntRegister                
20005123  GPIOIntEnable                  
2000513d  GPIOPinRead                    
20005155  _args_main                     
2000516d  PRCMHIBRegRead                 
20005183  PRCMHIBRegWrite                
20005199  CPUcpsie                       
200051ad  GPIOIntClear                   
200051c1  IntVTableBaseSet               
200051d5  _register_unlock               
200051db  _register_lock                 
200051e3  _nop                           
200051e9  __TI_decompress_none           
200051f7  ResetISR                       
20005205  IntMasterEnable                
2000520f  UtilsDelay                     
20005215  __TI_decompress_rle24          
2000521b  _system_pre_init               
200054b8  __TI_static_base__             
200054f4  __TI_Handler_Table_Base        
200054fc  __TI_CINIT_Base                
200054fc  __TI_Handler_Table_Limit       
2000550c  __TI_CINIT_Limit               
2001d014  __TI_cleanup_ptr               
2001d018  __TI_dtors_ptr                 
2001d01c  __TI_enable_exit_profile_output
2001d020  g_uiLED1Port                   
2001d024  g_uiLED2Port                   
2001d028  g_uiLED3Port                   
2001d02c  _lock                          
2001d030  _unlock                        
2001d034  main_func_sp                   
2001d038  g_ucLED1Pin                    
2001d039  g_ucLED2Pin                    
2001d03a  g_ucLED3Pin                    
2003f800  __stack                        
20040000  __STACK_END                    
ffffffff  __TI_pprof_out_hndl            
ffffffff  __TI_prof_data_size            
ffffffff  __TI_prof_data_start           
ffffffff  __binit__                      
ffffffff  __c_args__                     
ffffffff  binit                          
UNDEFED   SHT$$INIT_ARRAY$$Base          
UNDEFED   SHT$$INIT_ARRAY$$Limit         

[92 symbols]
